[2025-11-04T15:37:28.057+0800] CardTable entry size: 512
[2025-11-04T15:37:28.059+0800] Using G1
[2025-11-04T15:37:28.094+0800] Version: 21.0.5+9-LTS-239 (release)
[2025-11-04T15:37:28.094+0800] CPUs: 16 total, 16 available
[2025-11-04T15:37:28.094+0800] Memory: 16016M
[2025-11-04T15:37:28.094+0800] Large Page Support: Disabled
[2025-11-04T15:37:28.094+0800] NUMA Support: Disabled
[2025-11-04T15:37:28.094+0800] Compressed Oops: Enabled (Zero based)
[2025-11-04T15:37:28.094+0800] Heap Region Size: 8M
[2025-11-04T15:37:28.094+0800] Heap Min Capacity: 12G
[2025-11-04T15:37:28.094+0800] Heap Initial Capacity: 12G
[2025-11-04T15:37:28.094+0800] Heap Max Capacity: 12G
[2025-11-04T15:37:28.094+0800] Pre-touch: Disabled
[2025-11-04T15:37:28.094+0800] Parallel Workers: 2
[2025-11-04T15:37:28.095+0800] Concurrent Workers: 1
[2025-11-04T15:37:28.095+0800] Concurrent Refinement Workers: 2
[2025-11-04T15:37:28.095+0800] Periodic GC: Disabled
[2025-11-04T15:37:28.105+0800] CDS archive(s) mapped at: [0x0000019d17000000-0x0000019d17c90000-0x0000019d17c90000), size 13172736, SharedBaseAddress: 0x0000019d17000000, ArchiveRelocationMode: 1.
[2025-11-04T15:37:28.105+0800] Compressed class space mapped at: 0x0000019d18000000-0x0000019d32000000, reserved size: 436207616
[2025-11-04T15:37:28.105+0800] Narrow klass base: 0x0000019d17000000, Narrow klass shift: 0, Narrow klass range: 0x100000000
[2025-11-04T15:37:37.472+0800] GC(0) Pause Young (Concurrent Start) (CodeCache GC Threshold)
[2025-11-04T15:37:37.472+0800] GC(0) Using 2 workers of 2 for evacuation
[2025-11-04T15:37:37.485+0800] GC(0)   Pre Evacuate Collection Set: 0.2ms
[2025-11-04T15:37:37.485+0800] GC(0)   Merge Heap Roots: 0.1ms
[2025-11-04T15:37:37.485+0800] GC(0)   Evacuate Collection Set: 11.4ms
[2025-11-04T15:37:37.485+0800] GC(0)   Post Evacuate Collection Set: 0.9ms
[2025-11-04T15:37:37.485+0800] GC(0)   Other: 0.1ms
[2025-11-04T15:37:37.485+0800] GC(0) Eden regions: 21->0(73)
[2025-11-04T15:37:37.485+0800] GC(0) Survivor regions: 0->3(10)
[2025-11-04T15:37:37.485+0800] GC(0) Old regions: 0->0
[2025-11-04T15:37:37.485+0800] GC(0) Humongous regions: 0->0
[2025-11-04T15:37:37.485+0800] GC(0) Metaspace: 17833K(18240K)->17833K(18240K) NonClass: 15472K(15680K)->15472K(15680K) Class: 2360K(2560K)->2360K(2560K)
[2025-11-04T15:37:37.485+0800] GC(0) Pause Young (Concurrent Start) (CodeCache GC Threshold) 160M->19M(12288M) 12.982ms
[2025-11-04T15:37:37.485+0800] GC(1) Concurrent Mark Cycle
[2025-11-04T15:37:37.485+0800] GC(0) User=0.00s Sys=0.00s Real=0.01s
[2025-11-04T15:37:37.485+0800] GC(1) Concurrent Scan Root Regions
[2025-11-04T15:37:37.487+0800] GC(1) Concurrent Scan Root Regions 4.058ms
[2025-11-04T15:37:37.487+0800] GC(1) Concurrent Mark
[2025-11-04T15:37:37.487+0800] GC(1) Concurrent Mark From Roots
[2025-11-04T15:37:37.487+0800] GC(1) Using 1 workers of 1 for marking
[2025-11-04T15:37:37.487+0800] GC(1) Concurrent Mark From Roots 0.320ms
[2025-11-04T15:37:37.487+0800] GC(1) Concurrent Preclean
[2025-11-04T15:37:37.487+0800] GC(1) Concurrent Preclean 0.012ms
[2025-11-04T15:37:37.490+0800] GC(1) Pause Remark
[2025-11-04T15:37:37.490+0800] GC(1) Pause Remark 39M->39M(12288M) 1.655ms
[2025-11-04T15:37:37.490+0800] GC(1) User=0.00s Sys=0.00s Real=0.00s
[2025-11-04T15:37:37.490+0800] GC(1) Concurrent Mark 2.512ms
[2025-11-04T15:37:37.490+0800] GC(1) Concurrent Rebuild Remembered Sets and Scrub Regions
[2025-11-04T15:37:37.490+0800] GC(1) Concurrent Rebuild Remembered Sets and Scrub Regions 0.122ms
[2025-11-04T15:37:37.490+0800] GC(1) Pause Cleanup
[2025-11-04T15:37:37.490+0800] GC(1) Pause Cleanup 39M->39M(12288M) 0.014ms
[2025-11-04T15:37:37.490+0800] GC(1) User=0.00s Sys=0.00s Real=0.00s
[2025-11-04T15:37:37.490+0800] GC(1) Concurrent Clear Claimed Marks
[2025-11-04T15:37:37.490+0800] GC(1) Concurrent Clear Claimed Marks 0.042ms
[2025-11-04T15:37:37.490+0800] GC(1) Concurrent Cleanup for Next Mark
[2025-11-04T15:37:37.532+0800] GC(1) Concurrent Cleanup for Next Mark 40.364ms
[2025-11-04T15:37:37.532+0800] GC(1) Concurrent Mark Cycle 47.624ms
[2025-11-04T15:37:38.454+0800] GC(2) Pause Young (Concurrent Start) (Metadata GC Threshold)
[2025-11-04T15:37:38.454+0800] GC(2) Using 2 workers of 2 for evacuation
[2025-11-04T15:37:38.469+0800] GC(2)   Pre Evacuate Collection Set: 0.3ms
[2025-11-04T15:37:38.469+0800] GC(2)   Merge Heap Roots: 0.1ms
[2025-11-04T15:37:38.469+0800] GC(2)   Evacuate Collection Set: 12.1ms
[2025-11-04T15:37:38.469+0800] GC(2)   Post Evacuate Collection Set: 1.9ms
[2025-11-04T15:37:38.469+0800] GC(2)   Other: 0.2ms
[2025-11-04T15:37:38.469+0800] GC(2) Eden regions: 12->0(73)
[2025-11-04T15:37:38.469+0800] GC(2) Survivor regions: 3->3(10)
[2025-11-04T15:37:38.469+0800] GC(2) Old regions: 0->0
[2025-11-04T15:37:38.469+0800] GC(2) Humongous regions: 0->0
[2025-11-04T15:37:38.469+0800] GC(2) Metaspace: 29944K(30400K)->29944K(30400K) NonClass: 26124K(26368K)->26124K(26368K) Class: 3820K(4032K)->3820K(4032K)
[2025-11-04T15:37:38.469+0800] GC(2) Pause Young (Concurrent Start) (Metadata GC Threshold) 111M->22M(12288M) 14.873ms
[2025-11-04T15:37:38.469+0800] GC(2) User=0.00s Sys=0.00s Real=0.02s
[2025-11-04T15:37:38.469+0800] GC(3) Concurrent Mark Cycle
[2025-11-04T15:37:38.469+0800] GC(3) Concurrent Scan Root Regions
[2025-11-04T15:37:38.475+0800] GC(3) Concurrent Scan Root Regions 5.618ms
[2025-11-04T15:37:38.475+0800] GC(3) Concurrent Mark
[2025-11-04T15:37:38.475+0800] GC(3) Concurrent Mark From Roots
[2025-11-04T15:37:38.475+0800] GC(3) Using 1 workers of 1 for marking
[2025-11-04T15:37:38.476+0800] GC(3) Concurrent Mark From Roots 0.534ms
[2025-11-04T15:37:38.476+0800] GC(3) Concurrent Preclean
[2025-11-04T15:37:38.476+0800] GC(3) Concurrent Preclean 0.009ms
[2025-11-04T15:37:38.476+0800] GC(3) Pause Remark
[2025-11-04T15:37:38.478+0800] GC(3) Pause Remark 27M->27M(12288M) 2.410ms
[2025-11-04T15:37:38.478+0800] GC(3) User=0.00s Sys=0.00s Real=0.00s
[2025-11-04T15:37:38.478+0800] GC(3) Concurrent Mark 3.301ms
[2025-11-04T15:37:38.478+0800] GC(3) Concurrent Rebuild Remembered Sets and Scrub Regions
[2025-11-04T15:37:38.479+0800] GC(3) Concurrent Rebuild Remembered Sets and Scrub Regions 0.062ms
[2025-11-04T15:37:38.479+0800] GC(3) Pause Cleanup
[2025-11-04T15:37:38.479+0800] GC(3) Pause Cleanup 27M->27M(12288M) 0.034ms
[2025-11-04T15:37:38.479+0800] GC(3) User=0.00s Sys=0.00s Real=0.00s
[2025-11-04T15:37:38.479+0800] GC(3) Concurrent Clear Claimed Marks
[2025-11-04T15:37:38.479+0800] GC(3) Concurrent Clear Claimed Marks 0.026ms
[2025-11-04T15:37:38.479+0800] GC(3) Concurrent Cleanup for Next Mark
[2025-11-04T15:37:38.498+0800] GC(3) Concurrent Cleanup for Next Mark 19.191ms
[2025-11-04T15:37:38.498+0800] GC(3) Concurrent Mark Cycle 28.784ms
[2025-11-04T15:37:41.460+0800] GC(4) Pause Young (Concurrent Start) (Metadata GC Threshold)
[2025-11-04T15:37:41.460+0800] GC(4) Using 2 workers of 2 for evacuation
[2025-11-04T15:37:41.496+0800] GC(4)   Pre Evacuate Collection Set: 0.2ms
[2025-11-04T15:37:41.496+0800] GC(4)   Merge Heap Roots: 0.0ms
[2025-11-04T15:37:41.496+0800] GC(4)   Evacuate Collection Set: 33.1ms
[2025-11-04T15:37:41.496+0800] GC(4)   Post Evacuate Collection Set: 2.1ms
[2025-11-04T15:37:41.496+0800] GC(4)   Other: 0.1ms
[2025-11-04T15:37:41.496+0800] GC(4) Eden regions: 37->0(70)
[2025-11-04T15:37:41.496+0800] GC(4) Survivor regions: 3->6(10)
[2025-11-04T15:37:41.496+0800] GC(4) Old regions: 0->0
[2025-11-04T15:37:41.496+0800] GC(4) Humongous regions: 0->0
[2025-11-04T15:37:41.496+0800] GC(4) Metaspace: 50415K(50816K)->50415K(50816K) NonClass: 43849K(44096K)->43849K(44096K) Class: 6565K(6720K)->6565K(6720K)
[2025-11-04T15:37:41.496+0800] GC(4) Pause Young (Concurrent Start) (Metadata GC Threshold) 314M->43M(12288M) 35.729ms
[2025-11-04T15:37:41.496+0800] GC(5) Concurrent Mark Cycle
[2025-11-04T15:37:41.496+0800] GC(4) User=0.03s Sys=0.03s Real=0.04s
[2025-11-04T15:37:41.496+0800] GC(5) Concurrent Scan Root Regions
[2025-11-04T15:37:41.508+0800] GC(5) Concurrent Scan Root Regions 11.723ms
[2025-11-04T15:37:41.508+0800] GC(5) Concurrent Mark
[2025-11-04T15:37:41.508+0800] GC(5) Concurrent Mark From Roots
[2025-11-04T15:37:41.508+0800] GC(5) Using 1 workers of 1 for marking
[2025-11-04T15:37:41.508+0800] GC(5) Concurrent Mark From Roots 0.423ms
[2025-11-04T15:37:41.508+0800] GC(5) Concurrent Preclean
[2025-11-04T15:37:41.508+0800] GC(5) Concurrent Preclean 0.008ms
[2025-11-04T15:37:41.508+0800] GC(5) Pause Remark
[2025-11-04T15:37:41.509+0800] GC(5) Pause Remark 51M->51M(12288M) 3.240ms
[2025-11-04T15:37:41.509+0800] GC(5) User=0.00s Sys=0.00s Real=0.00s
[2025-11-04T15:37:41.509+0800] GC(5) Concurrent Mark 3.822ms
[2025-11-04T15:37:41.509+0800] GC(5) Concurrent Rebuild Remembered Sets and Scrub Regions
[2025-11-04T15:37:41.509+0800] GC(5) Concurrent Rebuild Remembered Sets and Scrub Regions 0.038ms
[2025-11-04T15:37:41.509+0800] GC(5) Pause Cleanup
[2025-11-04T15:37:41.509+0800] GC(5) Pause Cleanup 51M->51M(12288M) 0.015ms
[2025-11-04T15:37:41.509+0800] GC(5) User=0.00s Sys=0.00s Real=0.00s
[2025-11-04T15:37:41.509+0800] GC(5) Concurrent Clear Claimed Marks
[2025-11-04T15:37:41.509+0800] GC(5) Concurrent Clear Claimed Marks 0.021ms
[2025-11-04T15:37:41.509+0800] GC(5) Concurrent Cleanup for Next Mark
[2025-11-04T15:37:41.528+0800] GC(5) Concurrent Cleanup for Next Mark 16.139ms
[2025-11-04T15:37:41.528+0800] GC(5) Concurrent Mark Cycle 31.977ms
[2025-11-04T15:37:44.798+0800] GC(6) Pause Young (Concurrent Start) (CodeCache GC Threshold)
[2025-11-04T15:37:44.798+0800] GC(6) Using 2 workers of 2 for evacuation
[2025-11-04T15:37:44.862+0800] GC(6)   Pre Evacuate Collection Set: 0.2ms
[2025-11-04T15:37:44.862+0800] GC(6)   Merge Heap Roots: 0.0ms
[2025-11-04T15:37:44.862+0800] GC(6)   Evacuate Collection Set: 61.5ms
[2025-11-04T15:37:44.862+0800] GC(6)   Post Evacuate Collection Set: 3.6ms
[2025-11-04T15:37:44.862+0800] GC(6)   Other: 0.1ms
[2025-11-04T15:37:44.862+0800] GC(6) Eden regions: 46->0(70)
[2025-11-04T15:37:44.862+0800] GC(6) Survivor regions: 6->6(10)
[2025-11-04T15:37:44.862+0800] GC(6) Old regions: 0->3
[2025-11-04T15:37:44.862+0800] GC(6) Humongous regions: 0->0
[2025-11-04T15:37:44.862+0800] GC(6) Metaspace: 80093K(80704K)->80093K(80704K) NonClass: 69444K(69760K)->69444K(69760K) Class: 10648K(10944K)->10648K(10944K)
[2025-11-04T15:37:44.862+0800] GC(6) Pause Young (Concurrent Start) (CodeCache GC Threshold) 411M->63M(12288M) 65.718ms
[2025-11-04T15:37:44.862+0800] GC(7) Concurrent Mark Cycle
[2025-11-04T15:37:44.862+0800] GC(6) User=0.11s Sys=0.02s Real=0.06s
[2025-11-04T15:37:44.862+0800] GC(7) Concurrent Scan Root Regions
[2025-11-04T15:37:44.887+0800] GC(7) Concurrent Scan Root Regions 23.592ms
[2025-11-04T15:37:44.887+0800] GC(7) Concurrent Mark
[2025-11-04T15:37:44.887+0800] GC(7) Concurrent Mark From Roots
[2025-11-04T15:37:44.887+0800] GC(7) Using 1 workers of 1 for marking
[2025-11-04T15:37:44.887+0800] GC(7) Concurrent Mark From Roots 0.400ms
[2025-11-04T15:37:44.887+0800] GC(7) Concurrent Preclean
[2025-11-04T15:37:44.887+0800] GC(7) Concurrent Preclean 0.010ms
[2025-11-04T15:37:44.888+0800] GC(7) Pause Remark
[2025-11-04T15:37:44.894+0800] GC(7) Pause Remark 76M->76M(12288M) 5.976ms
[2025-11-04T15:37:44.894+0800] GC(7) User=0.03s Sys=0.00s Real=0.01s
[2025-11-04T15:37:44.894+0800] GC(7) Concurrent Mark 6.641ms
[2025-11-04T15:37:44.894+0800] GC(7) Concurrent Rebuild Remembered Sets and Scrub Regions
[2025-11-04T15:37:44.898+0800] GC(7) Concurrent Rebuild Remembered Sets and Scrub Regions 4.793ms
[2025-11-04T15:37:44.899+0800] GC(7) Pause Cleanup
[2025-11-04T15:37:44.899+0800] GC(7) Pause Cleanup 76M->76M(12288M) 0.238ms
[2025-11-04T15:37:44.899+0800] GC(7) User=0.00s Sys=0.00s Real=0.00s
[2025-11-04T15:37:44.899+0800] GC(7) Concurrent Clear Claimed Marks
[2025-11-04T15:37:44.899+0800] GC(7) Concurrent Clear Claimed Marks 0.076ms
[2025-11-04T15:37:44.899+0800] GC(7) Concurrent Cleanup for Next Mark
[2025-11-04T15:37:44.938+0800] GC(7) Concurrent Cleanup for Next Mark 38.712ms
[2025-11-04T15:37:44.938+0800] GC(7) Concurrent Mark Cycle 74.481ms
[2025-11-04T15:37:48.270+0800] GC(8) Pause Young (Concurrent Start) (CodeCache GC Threshold)
[2025-11-04T15:37:48.270+0800] GC(8) Using 2 workers of 2 for evacuation
[2025-11-04T15:37:48.337+0800] GC(8)   Pre Evacuate Collection Set: 0.3ms
[2025-11-04T15:37:48.337+0800] GC(8)   Merge Heap Roots: 0.1ms
[2025-11-04T15:37:48.337+0800] GC(8)   Evacuate Collection Set: 61.5ms
[2025-11-04T15:37:48.337+0800] GC(8)   Post Evacuate Collection Set: 3.0ms
[2025-11-04T15:37:48.337+0800] GC(8)   Other: 0.1ms
[2025-11-04T15:37:48.337+0800] GC(8) Eden regions: 63->0(68)
[2025-11-04T15:37:48.337+0800] GC(8) Survivor regions: 6->8(10)
[2025-11-04T15:37:48.337+0800] GC(8) Old regions: 3->3
[2025-11-04T15:37:48.337+0800] GC(8) Humongous regions: 0->0
[2025-11-04T15:37:48.337+0800] GC(8) Metaspace: 100862K(101760K)->100862K(101760K) NonClass: 87903K(88384K)->87903K(88384K) Class: 12958K(13376K)->12958K(13376K)
[2025-11-04T15:37:48.337+0800] GC(8) Pause Young (Concurrent Start) (CodeCache GC Threshold) 565M->87M(12288M) 65.205ms
[2025-11-04T15:37:48.337+0800] GC(9) Concurrent Mark Cycle
[2025-11-04T15:37:48.337+0800] GC(8) User=0.12s Sys=0.00s Real=0.07s
[2025-11-04T15:37:48.337+0800] GC(9) Concurrent Scan Root Regions
[2025-11-04T15:37:48.365+0800] GC(9) Concurrent Scan Root Regions 29.931ms
[2025-11-04T15:37:48.365+0800] GC(9) Concurrent Mark
[2025-11-04T15:37:48.365+0800] GC(9) Concurrent Mark From Roots
[2025-11-04T15:37:48.365+0800] GC(9) Using 1 workers of 1 for marking
[2025-11-04T15:37:48.375+0800] GC(9) Concurrent Mark From Roots 10.877ms
[2025-11-04T15:37:48.375+0800] GC(9) Concurrent Preclean
[2025-11-04T15:37:48.375+0800] GC(9) Concurrent Preclean 0.096ms
[2025-11-04T15:37:48.393+0800] GC(9) Pause Remark
[2025-11-04T15:37:48.400+0800] GC(9) Pause Remark 98M->98M(12288M) 7.701ms
[2025-11-04T15:37:48.400+0800] GC(9) User=0.00s Sys=0.00s Real=0.01s
[2025-11-04T15:37:48.401+0800] GC(9) Concurrent Mark 34.092ms
[2025-11-04T15:37:48.401+0800] GC(9) Concurrent Rebuild Remembered Sets and Scrub Regions
[2025-11-04T15:37:48.404+0800] GC(9) Concurrent Rebuild Remembered Sets and Scrub Regions 2.967ms
[2025-11-04T15:37:48.404+0800] GC(9) Pause Cleanup
[2025-11-04T15:37:48.404+0800] GC(9) Pause Cleanup 98M->98M(12288M) 0.033ms
[2025-11-04T15:37:48.404+0800] GC(9) User=0.00s Sys=0.00s Real=0.00s
[2025-11-04T15:37:48.404+0800] GC(9) Concurrent Clear Claimed Marks
[2025-11-04T15:37:48.404+0800] GC(9) Concurrent Clear Claimed Marks 0.070ms
[2025-11-04T15:37:48.404+0800] GC(9) Concurrent Cleanup for Next Mark
[2025-11-04T15:37:48.439+0800] GC(9) Concurrent Cleanup for Next Mark 34.814ms
[2025-11-04T15:37:48.439+0800] GC(9) Concurrent Mark Cycle 102.412ms
