[2025-11-04T19:08:03.958+0800] CardTable entry size: 512
[2025-11-04T19:08:03.958+0800] Using G1
[2025-11-04T19:08:04.008+0800] Version: 21.0.5+9-LTS-239 (release)
[2025-11-04T19:08:04.008+0800] CPUs: 16 total, 16 available
[2025-11-04T19:08:04.008+0800] Memory: 16016M
[2025-11-04T19:08:04.008+0800] Large Page Support: Disabled
[2025-11-04T19:08:04.008+0800] NUMA Support: Disabled
[2025-11-04T19:08:04.008+0800] Compressed Oops: Enabled (Zero based)
[2025-11-04T19:08:04.008+0800] Heap Region Size: 8M
[2025-11-04T19:08:04.008+0800] Heap Min Capacity: 12G
[2025-11-04T19:08:04.008+0800] Heap Initial Capacity: 12G
[2025-11-04T19:08:04.008+0800] Heap Max Capacity: 12G
[2025-11-04T19:08:04.008+0800] Pre-touch: Disabled
[2025-11-04T19:08:04.008+0800] Parallel Workers: 2
[2025-11-04T19:08:04.009+0800] Concurrent Workers: 1
[2025-11-04T19:08:04.009+0800] Concurrent Refinement Workers: 2
[2025-11-04T19:08:04.009+0800] Periodic GC: Disabled
[2025-11-04T19:08:04.023+0800] CDS archive(s) mapped at: [0x0000025192000000-0x0000025192c90000-0x0000025192c90000), size 13172736, SharedBaseAddress: 0x0000025192000000, ArchiveRelocationMode: 1.
[2025-11-04T19:08:04.023+0800] Compressed class space mapped at: 0x0000025193000000-0x00000251ad000000, reserved size: 436207616
[2025-11-04T19:08:04.023+0800] Narrow klass base: 0x0000025192000000, Narrow klass shift: 0, Narrow klass range: 0x100000000
[2025-11-04T19:08:16.370+0800] GC(0) Pause Young (Concurrent Start) (CodeCache GC Threshold)
[2025-11-04T19:08:16.370+0800] GC(0) Using 2 workers of 2 for evacuation
[2025-11-04T19:08:16.392+0800] GC(0)   Pre Evacuate Collection Set: 0.5ms
[2025-11-04T19:08:16.392+0800] GC(0)   Merge Heap Roots: 0.2ms
[2025-11-04T19:08:16.392+0800] GC(0)   Evacuate Collection Set: 18.5ms
[2025-11-04T19:08:16.392+0800] GC(0)   Post Evacuate Collection Set: 2.9ms
[2025-11-04T19:08:16.392+0800] GC(0)   Other: 0.3ms
[2025-11-04T19:08:16.392+0800] GC(0) Eden regions: 18->0(73)
[2025-11-04T19:08:16.392+0800] GC(0) Survivor regions: 0->3(10)
[2025-11-04T19:08:16.392+0800] GC(0) Old regions: 0->0
[2025-11-04T19:08:16.392+0800] GC(0) Humongous regions: 0->0
[2025-11-04T19:08:16.392+0800] GC(0) Metaspace: 15416K(15808K)->15416K(15808K) NonClass: 13410K(13632K)->13410K(13632K) Class: 2005K(2176K)->2005K(2176K)
[2025-11-04T19:08:16.392+0800] GC(0) Pause Young (Concurrent Start) (CodeCache GC Threshold) 140M->19M(12288M) 22.911ms
[2025-11-04T19:08:16.392+0800] GC(0) User=0.02s Sys=0.05s Real=0.02s
[2025-11-04T19:08:16.392+0800] GC(1) Concurrent Mark Cycle
[2025-11-04T19:08:16.392+0800] GC(1) Concurrent Scan Root Regions
[2025-11-04T19:08:16.397+0800] GC(1) Concurrent Scan Root Regions 5.030ms
[2025-11-04T19:08:16.397+0800] GC(1) Concurrent Mark
[2025-11-04T19:08:16.397+0800] GC(1) Concurrent Mark From Roots
[2025-11-04T19:08:16.397+0800] GC(1) Using 1 workers of 1 for marking
[2025-11-04T19:08:16.397+0800] GC(1) Concurrent Mark From Roots 0.746ms
[2025-11-04T19:08:16.397+0800] GC(1) Concurrent Preclean
[2025-11-04T19:08:16.397+0800] GC(1) Concurrent Preclean 0.021ms
[2025-11-04T19:08:16.397+0800] GC(1) Pause Remark
[2025-11-04T19:08:16.402+0800] GC(1) Pause Remark 27M->27M(12288M) 2.990ms
[2025-11-04T19:08:16.402+0800] GC(1) User=0.00s Sys=0.00s Real=0.00s
[2025-11-04T19:08:16.402+0800] GC(1) Concurrent Mark 4.052ms
[2025-11-04T19:08:16.402+0800] GC(1) Concurrent Rebuild Remembered Sets and Scrub Regions
[2025-11-04T19:08:16.402+0800] GC(1) Concurrent Rebuild Remembered Sets and Scrub Regions 0.108ms
[2025-11-04T19:08:16.404+0800] GC(1) Pause Cleanup
[2025-11-04T19:08:16.404+0800] GC(1) Pause Cleanup 27M->27M(12288M) 0.054ms
[2025-11-04T19:08:16.404+0800] GC(1) User=0.00s Sys=0.00s Real=0.00s
[2025-11-04T19:08:16.404+0800] GC(1) Concurrent Clear Claimed Marks
[2025-11-04T19:08:16.404+0800] GC(1) Concurrent Clear Claimed Marks 0.056ms
[2025-11-04T19:08:16.404+0800] GC(1) Concurrent Cleanup for Next Mark
[2025-11-04T19:08:16.492+0800] GC(1) Concurrent Cleanup for Next Mark 94.511ms
[2025-11-04T19:08:16.492+0800] GC(1) Concurrent Mark Cycle 104.511ms
[2025-11-04T19:08:18.536+0800] GC(2) Pause Young (Concurrent Start) (Metadata GC Threshold)
[2025-11-04T19:08:18.536+0800] GC(2) Using 2 workers of 2 for evacuation
[2025-11-04T19:08:18.560+0800] GC(2)   Pre Evacuate Collection Set: 0.3ms
[2025-11-04T19:08:18.560+0800] GC(2)   Merge Heap Roots: 0.1ms
[2025-11-04T19:08:18.560+0800] GC(2)   Evacuate Collection Set: 17.2ms
[2025-11-04T19:08:18.560+0800] GC(2)   Post Evacuate Collection Set: 2.3ms
[2025-11-04T19:08:18.560+0800] GC(2)   Other: 0.2ms
[2025-11-04T19:08:18.560+0800] GC(2) Eden regions: 12->0(73)
[2025-11-04T19:08:18.560+0800] GC(2) Survivor regions: 3->3(10)
[2025-11-04T19:08:18.560+0800] GC(2) Old regions: 0->0
[2025-11-04T19:08:18.560+0800] GC(2) Humongous regions: 0->0
[2025-11-04T19:08:18.560+0800] GC(2) Metaspace: 25946K(26368K)->25946K(26368K) NonClass: 22573K(22784K)->22573K(22784K) Class: 3372K(3584K)->3372K(3584K)
[2025-11-04T19:08:18.560+0800] GC(2) Pause Young (Concurrent Start) (Metadata GC Threshold) 111M->23M(12288M) 20.341ms
[2025-11-04T19:08:18.560+0800] GC(2) User=0.02s Sys=0.02s Real=0.02s
[2025-11-04T19:08:18.560+0800] GC(3) Concurrent Mark Cycle
[2025-11-04T19:08:18.560+0800] GC(3) Concurrent Scan Root Regions
[2025-11-04T19:08:18.563+0800] GC(3) Concurrent Scan Root Regions 8.261ms
[2025-11-04T19:08:18.563+0800] GC(3) Concurrent Mark
[2025-11-04T19:08:18.563+0800] GC(3) Concurrent Mark From Roots
[2025-11-04T19:08:18.563+0800] GC(3) Using 1 workers of 1 for marking
[2025-11-04T19:08:18.563+0800] GC(3) Concurrent Mark From Roots 0.469ms
[2025-11-04T19:08:18.563+0800] GC(3) Concurrent Preclean
[2025-11-04T19:08:18.563+0800] GC(3) Concurrent Preclean 0.022ms
[2025-11-04T19:08:18.563+0800] GC(3) Pause Remark
[2025-11-04T19:08:18.563+0800] GC(3) Pause Remark 31M->31M(12288M) 3.053ms
[2025-11-04T19:08:18.563+0800] GC(3) User=0.00s Sys=0.00s Real=0.00s
[2025-11-04T19:08:18.573+0800] GC(3) Concurrent Mark 3.940ms
[2025-11-04T19:08:18.573+0800] GC(3) Concurrent Rebuild Remembered Sets and Scrub Regions
[2025-11-04T19:08:18.573+0800] GC(3) Concurrent Rebuild Remembered Sets and Scrub Regions 0.275ms
[2025-11-04T19:08:18.573+0800] GC(3) Pause Cleanup
[2025-11-04T19:08:18.573+0800] GC(3) Pause Cleanup 31M->31M(12288M) 0.049ms
[2025-11-04T19:08:18.573+0800] GC(3) User=0.00s Sys=0.00s Real=0.00s
[2025-11-04T19:08:18.573+0800] GC(3) Concurrent Clear Claimed Marks
[2025-11-04T19:08:18.573+0800] GC(3) Concurrent Clear Claimed Marks 0.065ms
[2025-11-04T19:08:18.573+0800] GC(3) Concurrent Cleanup for Next Mark
[2025-11-04T19:08:18.612+0800] GC(3) Concurrent Cleanup for Next Mark 38.869ms
[2025-11-04T19:08:18.612+0800] GC(3) Concurrent Mark Cycle 51.938ms
[2025-11-04T19:08:23.126+0800] GC(4) Pause Young (Concurrent Start) (Metadata GC Threshold)
[2025-11-04T19:08:23.127+0800] GC(4) Using 2 workers of 2 for evacuation
[2025-11-04T19:08:23.163+0800] GC(4)   Pre Evacuate Collection Set: 0.2ms
[2025-11-04T19:08:23.163+0800] GC(4)   Merge Heap Roots: 0.0ms
[2025-11-04T19:08:23.163+0800] GC(4)   Evacuate Collection Set: 32.0ms
[2025-11-04T19:08:23.163+0800] GC(4)   Post Evacuate Collection Set: 3.8ms
[2025-11-04T19:08:23.163+0800] GC(4)   Other: 0.1ms
[2025-11-04T19:08:23.163+0800] GC(4) Eden regions: 28->0(71)
[2025-11-04T19:08:23.163+0800] GC(4) Survivor regions: 3->5(10)
[2025-11-04T19:08:23.163+0800] GC(4) Old regions: 0->0
[2025-11-04T19:08:23.163+0800] GC(4) Humongous regions: 0->0
[2025-11-04T19:08:23.163+0800] GC(4) Metaspace: 43681K(44096K)->43681K(44096K) NonClass: 38030K(38272K)->38030K(38272K) Class: 5650K(5824K)->5650K(5824K)
[2025-11-04T19:08:23.163+0800] GC(4) Pause Young (Concurrent Start) (Metadata GC Threshold) 247M->40M(12288M) 36.579ms
[2025-11-04T19:08:23.163+0800] GC(4) User=0.05s Sys=0.02s Real=0.04s
[2025-11-04T19:08:23.163+0800] GC(5) Concurrent Mark Cycle
[2025-11-04T19:08:23.163+0800] GC(5) Concurrent Scan Root Regions
[2025-11-04T19:08:23.178+0800] GC(5) Concurrent Scan Root Regions 14.994ms
[2025-11-04T19:08:23.178+0800] GC(5) Concurrent Mark
[2025-11-04T19:08:23.178+0800] GC(5) Concurrent Mark From Roots
[2025-11-04T19:08:23.178+0800] GC(5) Using 1 workers of 1 for marking
[2025-11-04T19:08:23.179+0800] GC(5) Concurrent Mark From Roots 0.548ms
[2025-11-04T19:08:23.179+0800] GC(5) Concurrent Preclean
[2025-11-04T19:08:23.179+0800] GC(5) Concurrent Preclean 0.018ms
[2025-11-04T19:08:23.179+0800] GC(5) Pause Remark
[2025-11-04T19:08:23.183+0800] GC(5) Pause Remark 47M->47M(12288M) 4.402ms
[2025-11-04T19:08:23.183+0800] GC(5) User=0.00s Sys=0.00s Real=0.00s
[2025-11-04T19:08:23.184+0800] GC(5) Concurrent Mark 5.437ms
[2025-11-04T19:08:23.184+0800] GC(5) Concurrent Rebuild Remembered Sets and Scrub Regions
[2025-11-04T19:08:23.184+0800] GC(5) Concurrent Rebuild Remembered Sets and Scrub Regions 0.239ms
[2025-11-04T19:08:23.184+0800] GC(5) Pause Cleanup
[2025-11-04T19:08:23.184+0800] GC(5) Pause Cleanup 47M->47M(12288M) 0.039ms
[2025-11-04T19:08:23.184+0800] GC(5) User=0.00s Sys=0.00s Real=0.00s
[2025-11-04T19:08:23.184+0800] GC(5) Concurrent Clear Claimed Marks
[2025-11-04T19:08:23.184+0800] GC(5) Concurrent Clear Claimed Marks 0.039ms
[2025-11-04T19:08:23.184+0800] GC(5) Concurrent Cleanup for Next Mark
[2025-11-04T19:08:23.207+0800] GC(5) Concurrent Cleanup for Next Mark 23.016ms
[2025-11-04T19:08:23.207+0800] GC(5) Concurrent Mark Cycle 44.192ms
[2025-11-04T19:08:27.681+0800] GC(6) Pause Young (Concurrent Start) (CodeCache GC Threshold)
[2025-11-04T19:08:27.681+0800] GC(6) Using 2 workers of 2 for evacuation
[2025-11-04T19:08:27.741+0800] GC(6)   Pre Evacuate Collection Set: 0.3ms
[2025-11-04T19:08:27.741+0800] GC(6)   Merge Heap Roots: 0.2ms
[2025-11-04T19:08:27.741+0800] GC(6)   Evacuate Collection Set: 53.3ms
[2025-11-04T19:08:27.741+0800] GC(6)   Post Evacuate Collection Set: 6.0ms
[2025-11-04T19:08:27.741+0800] GC(6)   Other: 0.2ms
[2025-11-04T19:08:27.741+0800] GC(6) Eden regions: 34->0(69)
[2025-11-04T19:08:27.741+0800] GC(6) Survivor regions: 5->7(10)
[2025-11-04T19:08:27.741+0800] GC(6) Old regions: 0->0
[2025-11-04T19:08:27.741+0800] GC(6) Humongous regions: 0->0
[2025-11-04T19:08:27.741+0800] GC(6) Metaspace: 62681K(63232K)->62681K(63232K) NonClass: 54278K(54592K)->54278K(54592K) Class: 8402K(8640K)->8402K(8640K)
[2025-11-04T19:08:27.741+0800] GC(6) Pause Young (Concurrent Start) (CodeCache GC Threshold) 307M->52M(12288M) 60.340ms
[2025-11-04T19:08:27.741+0800] GC(6) User=0.11s Sys=0.00s Real=0.06s
[2025-11-04T19:08:27.741+0800] GC(7) Concurrent Mark Cycle
[2025-11-04T19:08:27.741+0800] GC(7) Concurrent Scan Root Regions
[2025-11-04T19:08:27.759+0800] GC(7) Concurrent Scan Root Regions 18.704ms
[2025-11-04T19:08:27.759+0800] GC(7) Concurrent Mark
[2025-11-04T19:08:27.759+0800] GC(7) Concurrent Mark From Roots
[2025-11-04T19:08:27.759+0800] GC(7) Using 1 workers of 1 for marking
[2025-11-04T19:08:27.760+0800] GC(7) Concurrent Mark From Roots 0.614ms
[2025-11-04T19:08:27.760+0800] GC(7) Concurrent Preclean
[2025-11-04T19:08:27.760+0800] GC(7) Concurrent Preclean 0.014ms
[2025-11-04T19:08:27.760+0800] GC(7) Pause Remark
[2025-11-04T19:08:27.768+0800] GC(7) Pause Remark 59M->59M(12288M) 7.235ms
[2025-11-04T19:08:27.768+0800] GC(7) User=0.03s Sys=0.00s Real=0.01s
[2025-11-04T19:08:27.768+0800] GC(7) Concurrent Mark 8.343ms
[2025-11-04T19:08:27.768+0800] GC(7) Concurrent Rebuild Remembered Sets and Scrub Regions
[2025-11-04T19:08:27.768+0800] GC(7) Concurrent Rebuild Remembered Sets and Scrub Regions 0.191ms
[2025-11-04T19:08:27.768+0800] GC(7) Pause Cleanup
[2025-11-04T19:08:27.768+0800] GC(7) Pause Cleanup 59M->59M(12288M) 0.047ms
[2025-11-04T19:08:27.768+0800] GC(7) User=0.00s Sys=0.00s Real=0.00s
[2025-11-04T19:08:27.768+0800] GC(7) Concurrent Clear Claimed Marks
[2025-11-04T19:08:27.769+0800] GC(7) Concurrent Clear Claimed Marks 0.101ms
[2025-11-04T19:08:27.769+0800] GC(7) Concurrent Cleanup for Next Mark
[2025-11-04T19:08:27.791+0800] GC(7) Concurrent Cleanup for Next Mark 22.438ms
[2025-11-04T19:08:27.791+0800] GC(7) Concurrent Mark Cycle 50.414ms
[2025-11-04T19:08:32.175+0800] GC(8) Pause Young (Concurrent Start) (CodeCache GC Threshold)
[2025-11-04T19:08:32.175+0800] GC(8) Using 2 workers of 2 for evacuation
[2025-11-04T19:08:32.274+0800] GC(8)   Pre Evacuate Collection Set: 0.4ms
[2025-11-04T19:08:32.274+0800] GC(8)   Merge Heap Roots: 0.1ms
[2025-11-04T19:08:32.274+0800] GC(8)   Evacuate Collection Set: 88.3ms
[2025-11-04T19:08:32.274+0800] GC(8)   Post Evacuate Collection Set: 5.7ms
[2025-11-04T19:08:32.274+0800] GC(8)   Other: 0.1ms
[2025-11-04T19:08:32.274+0800] GC(8) Eden regions: 61->0(69)
[2025-11-04T19:08:32.274+0800] GC(8) Survivor regions: 7->7(10)
[2025-11-04T19:08:32.274+0800] GC(8) Old regions: 0->3
[2025-11-04T19:08:32.274+0800] GC(8) Humongous regions: 0->0
[2025-11-04T19:08:32.274+0800] GC(8) Metaspace: 83859K(84608K)->83859K(84608K) NonClass: 72980K(73408K)->72980K(73408K) Class: 10878K(11200K)->10878K(11200K)
[2025-11-04T19:08:32.274+0800] GC(8) Pause Young (Concurrent Start) (CodeCache GC Threshold) 535M->71M(12288M) 94.867ms
[2025-11-04T19:08:32.274+0800] GC(8) User=0.14s Sys=0.02s Real=0.10s
[2025-11-04T19:08:32.274+0800] GC(9) Concurrent Mark Cycle
[2025-11-04T19:08:32.274+0800] GC(9) Concurrent Scan Root Regions
[2025-11-04T19:08:32.308+0800] GC(9) Concurrent Scan Root Regions 31.225ms
[2025-11-04T19:08:32.308+0800] GC(9) Concurrent Mark
[2025-11-04T19:08:32.308+0800] GC(9) Concurrent Mark From Roots
[2025-11-04T19:08:32.308+0800] GC(9) Using 1 workers of 1 for marking
[2025-11-04T19:08:32.308+0800] GC(9) Concurrent Mark From Roots 0.539ms
[2025-11-04T19:08:32.308+0800] GC(9) Concurrent Preclean
[2025-11-04T19:08:32.308+0800] GC(9) Concurrent Preclean 0.023ms
[2025-11-04T19:08:32.308+0800] GC(9) Pause Remark
[2025-11-04T19:08:32.308+0800] GC(9) Pause Remark 77M->77M(12288M) 7.842ms
[2025-11-04T19:08:32.308+0800] GC(9) User=0.00s Sys=0.03s Real=0.00s
[2025-11-04T19:08:32.308+0800] GC(9) Concurrent Mark 8.893ms
[2025-11-04T19:08:32.308+0800] GC(9) Concurrent Rebuild Remembered Sets and Scrub Regions
[2025-11-04T19:08:32.323+0800] GC(9) Concurrent Rebuild Remembered Sets and Scrub Regions 6.323ms
[2025-11-04T19:08:32.323+0800] GC(9) Pause Cleanup
[2025-11-04T19:08:32.323+0800] GC(9) Pause Cleanup 77M->77M(12288M) 0.308ms
[2025-11-04T19:08:32.323+0800] GC(9) User=0.00s Sys=0.00s Real=0.00s
[2025-11-04T19:08:32.323+0800] GC(9) Concurrent Clear Claimed Marks
[2025-11-04T19:08:32.323+0800] GC(9) Concurrent Clear Claimed Marks 0.101ms
[2025-11-04T19:08:32.323+0800] GC(9) Concurrent Cleanup for Next Mark
[2025-11-04T19:08:32.348+0800] GC(9) Concurrent Cleanup for Next Mark 23.397ms
[2025-11-04T19:08:32.348+0800] GC(9) Concurrent Mark Cycle 70.947ms
[2025-11-04T19:08:39.020+0800] GC(10) Pause Young (Concurrent Start) (CodeCache GC Threshold)
[2025-11-04T19:08:39.020+0800] GC(10) Using 2 workers of 2 for evacuation
[2025-11-04T19:08:39.101+0800] GC(10)   Pre Evacuate Collection Set: 0.2ms
[2025-11-04T19:08:39.101+0800] GC(10)   Merge Heap Roots: 0.1ms
[2025-11-04T19:08:39.101+0800] GC(10)   Evacuate Collection Set: 79.0ms
[2025-11-04T19:08:39.101+0800] GC(10)   Post Evacuate Collection Set: 6.3ms
[2025-11-04T19:08:39.101+0800] GC(10)   Other: 0.2ms
[2025-11-04T19:08:39.101+0800] GC(10) Eden regions: 57->0(69)
[2025-11-04T19:08:39.101+0800] GC(10) Survivor regions: 7->7(10)
[2025-11-04T19:08:39.101+0800] GC(10) Old regions: 3->5
[2025-11-04T19:08:39.101+0800] GC(10) Humongous regions: 0->0
[2025-11-04T19:08:39.101+0800] GC(10) Metaspace: 112053K(113024K)->112053K(113024K) NonClass: 98032K(98560K)->98032K(98560K) Class: 14020K(14464K)->14020K(14464K)
[2025-11-04T19:08:39.101+0800] GC(10) Pause Young (Concurrent Start) (CodeCache GC Threshold) 519M->93M(12288M) 86.086ms
[2025-11-04T19:08:39.101+0800] GC(11) Concurrent Mark Cycle
[2025-11-04T19:08:39.101+0800] GC(10) User=0.16s Sys=0.00s Real=0.08s
[2025-11-04T19:08:39.101+0800] GC(11) Concurrent Scan Root Regions
[2025-11-04T19:08:39.153+0800] GC(11) Concurrent Scan Root Regions 53.471ms
[2025-11-04T19:08:39.153+0800] GC(11) Concurrent Mark
[2025-11-04T19:08:39.153+0800] GC(11) Concurrent Mark From Roots
[2025-11-04T19:08:39.153+0800] GC(11) Using 1 workers of 1 for marking
[2025-11-04T19:08:39.178+0800] GC(11) Concurrent Mark From Roots 17.546ms
[2025-11-04T19:08:39.178+0800] GC(11) Concurrent Preclean
[2025-11-04T19:08:39.178+0800] GC(11) Concurrent Preclean 0.210ms
[2025-11-04T19:08:39.178+0800] GC(11) Pause Remark
[2025-11-04T19:08:39.178+0800] GC(11) Pause Remark 98M->98M(12288M) 11.913ms
[2025-11-04T19:08:39.178+0800] GC(11) User=0.03s Sys=0.00s Real=0.00s
[2025-11-04T19:08:39.178+0800] GC(11) Concurrent Mark 30.126ms
[2025-11-04T19:08:39.192+0800] GC(11) Concurrent Rebuild Remembered Sets and Scrub Regions
[2025-11-04T19:08:39.207+0800] GC(11) Concurrent Rebuild Remembered Sets and Scrub Regions 16.631ms
[2025-11-04T19:08:39.207+0800] GC(11) Pause Cleanup
[2025-11-04T19:08:39.209+0800] GC(11) Pause Cleanup 99M->99M(12288M) 0.327ms
[2025-11-04T19:08:39.209+0800] GC(11) User=0.00s Sys=0.00s Real=0.00s
[2025-11-04T19:08:39.209+0800] GC(11) Concurrent Clear Claimed Marks
[2025-11-04T19:08:39.209+0800] GC(11) Concurrent Clear Claimed Marks 0.105ms
[2025-11-04T19:08:39.209+0800] GC(11) Concurrent Cleanup for Next Mark
[2025-11-04T19:08:39.229+0800] GC(11) Concurrent Cleanup for Next Mark 21.004ms
[2025-11-04T19:08:39.229+0800] GC(11) Concurrent Mark Cycle 122.334ms
[2025-11-04T19:09:42.206+0800] GC(12) Pause Young (Concurrent Start) (CodeCache GC Threshold)
[2025-11-04T19:09:42.206+0800] GC(12) Using 2 workers of 2 for evacuation
[2025-11-04T19:09:42.283+0800] GC(12)   Pre Evacuate Collection Set: 0.3ms
[2025-11-04T19:09:42.283+0800] GC(12)   Merge Heap Roots: 0.3ms
[2025-11-04T19:09:42.283+0800] GC(12)   Evacuate Collection Set: 64.8ms
[2025-11-04T19:09:42.283+0800] GC(12)   Post Evacuate Collection Set: 7.1ms
[2025-11-04T19:09:42.283+0800] GC(12)   Other: 0.1ms
[2025-11-04T19:09:42.283+0800] GC(12) Eden regions: 43->0(69)
[2025-11-04T19:09:42.283+0800] GC(12) Survivor regions: 7->7(10)
[2025-11-04T19:09:42.283+0800] GC(12) Old regions: 5->6
[2025-11-04T19:09:42.283+0800] GC(12) Humongous regions: 0->0
[2025-11-04T19:09:42.283+0800] GC(12) Metaspace: 132885K(134208K)->132885K(134208K) NonClass: 115678K(116416K)->115678K(116416K) Class: 17207K(17792K)->17207K(17792K)
[2025-11-04T19:09:42.283+0800] GC(12) Pause Young (Concurrent Start) (CodeCache GC Threshold) 431M->100M(12288M) 72.814ms
[2025-11-04T19:09:42.283+0800] GC(12) User=0.12s Sys=0.03s Real=0.08s
[2025-11-04T19:09:42.283+0800] GC(13) Concurrent Mark Cycle
[2025-11-04T19:09:42.283+0800] GC(13) Concurrent Scan Root Regions
[2025-11-04T19:09:42.322+0800] GC(13) Concurrent Scan Root Regions 37.172ms
[2025-11-04T19:09:42.322+0800] GC(13) Concurrent Mark
[2025-11-04T19:09:42.322+0800] GC(13) Concurrent Mark From Roots
[2025-11-04T19:09:42.322+0800] GC(13) Using 1 workers of 1 for marking
[2025-11-04T19:09:42.341+0800] GC(13) Concurrent Mark From Roots 19.641ms
[2025-11-04T19:09:42.341+0800] GC(13) Concurrent Preclean
[2025-11-04T19:09:42.341+0800] GC(13) Concurrent Preclean 0.118ms
[2025-11-04T19:09:42.341+0800] GC(13) Pause Remark
[2025-11-04T19:09:42.355+0800] GC(13) Pause Remark 109M->109M(12288M) 13.071ms
[2025-11-04T19:09:42.355+0800] GC(13) User=0.00s Sys=0.00s Real=0.01s
[2025-11-04T19:09:42.355+0800] GC(13) Concurrent Mark 33.533ms
[2025-11-04T19:09:42.355+0800] GC(13) Concurrent Rebuild Remembered Sets and Scrub Regions
[2025-11-04T19:09:42.371+0800] GC(13) Concurrent Rebuild Remembered Sets and Scrub Regions 17.279ms
[2025-11-04T19:09:42.371+0800] GC(13) Pause Cleanup
[2025-11-04T19:09:42.371+0800] GC(13) Pause Cleanup 109M->109M(12288M) 0.357ms
[2025-11-04T19:09:42.371+0800] GC(13) User=0.00s Sys=0.00s Real=0.00s
[2025-11-04T19:09:42.371+0800] GC(13) Concurrent Clear Claimed Marks
[2025-11-04T19:09:42.371+0800] GC(13) Concurrent Clear Claimed Marks 0.139ms
[2025-11-04T19:09:42.371+0800] GC(13) Concurrent Cleanup for Next Mark
[2025-11-04T19:09:42.407+0800] GC(13) Concurrent Cleanup for Next Mark 32.717ms
[2025-11-04T19:09:42.407+0800] GC(13) Concurrent Mark Cycle 122.095ms
[2025-11-04T19:09:48.143+0800] GC(14) Pause Young (Concurrent Start) (CodeCache GC Threshold)
[2025-11-04T19:09:48.143+0800] GC(14) Using 2 workers of 2 for evacuation
[2025-11-04T19:09:48.223+0800] GC(14)   Pre Evacuate Collection Set: 0.6ms
[2025-11-04T19:09:48.223+0800] GC(14)   Merge Heap Roots: 0.5ms
[2025-11-04T19:09:48.231+0800] GC(14)   Evacuate Collection Set: 79.7ms
[2025-11-04T19:09:48.231+0800] GC(14)   Post Evacuate Collection Set: 5.1ms
[2025-11-04T19:09:48.231+0800] GC(14)   Other: 0.3ms
[2025-11-04T19:09:48.231+0800] GC(14) Eden regions: 7->0(71)
[2025-11-04T19:09:48.231+0800] GC(14) Survivor regions: 7->5(10)
[2025-11-04T19:09:48.231+0800] GC(14) Old regions: 6->9
[2025-11-04T19:09:48.231+0800] GC(14) Humongous regions: 0->0
[2025-11-04T19:09:48.231+0800] GC(14) Metaspace: 133076K(134528K)->133076K(134528K) NonClass: 115836K(116608K)->115836K(116608K) Class: 17239K(17920K)->17239K(17920K)
[2025-11-04T19:09:48.231+0800] GC(14) Pause Young (Concurrent Start) (CodeCache GC Threshold) 153M->101M(12288M) 86.704ms
[2025-11-04T19:09:48.231+0800] GC(15) Concurrent Mark Cycle
[2025-11-04T19:09:48.231+0800] GC(15) Concurrent Scan Root Regions
[2025-11-04T19:09:48.231+0800] GC(14) User=0.16s Sys=0.00s Real=0.09s
[2025-11-04T19:09:48.286+0800] GC(15) Concurrent Scan Root Regions 55.355ms
[2025-11-04T19:09:48.286+0800] GC(15) Concurrent Mark
[2025-11-04T19:09:48.286+0800] GC(15) Concurrent Mark From Roots
[2025-11-04T19:09:48.286+0800] GC(15) Using 1 workers of 1 for marking
[2025-11-04T19:09:48.339+0800] GC(15) Concurrent Mark From Roots 52.142ms
[2025-11-04T19:09:48.339+0800] GC(15) Concurrent Preclean
[2025-11-04T19:09:48.339+0800] GC(15) Concurrent Preclean 0.151ms
[2025-11-04T19:09:48.339+0800] GC(15) Pause Remark
[2025-11-04T19:09:48.359+0800] GC(15) Pause Remark 113M->113M(12288M) 21.629ms
[2025-11-04T19:09:48.359+0800] GC(15) User=0.05s Sys=0.02s Real=0.02s
[2025-11-04T19:09:48.359+0800] GC(15) Concurrent Mark 74.638ms
[2025-11-04T19:09:48.359+0800] GC(15) Concurrent Rebuild Remembered Sets and Scrub Regions
[2025-11-04T19:09:48.397+0800] GC(15) Concurrent Rebuild Remembered Sets and Scrub Regions 35.622ms
[2025-11-04T19:09:48.397+0800] GC(15) Pause Cleanup
[2025-11-04T19:09:48.397+0800] GC(15) Pause Cleanup 113M->113M(12288M) 0.301ms
[2025-11-04T19:09:48.397+0800] GC(15) User=0.00s Sys=0.00s Real=0.00s
[2025-11-04T19:09:48.397+0800] GC(15) Concurrent Clear Claimed Marks
[2025-11-04T19:09:48.397+0800] GC(15) Concurrent Clear Claimed Marks 0.134ms
[2025-11-04T19:09:48.397+0800] GC(15) Concurrent Cleanup for Next Mark
[2025-11-04T19:09:48.421+0800] GC(15) Concurrent Cleanup for Next Mark 23.324ms
[2025-11-04T19:09:48.421+0800] GC(15) Concurrent Mark Cycle 190.336ms
[2025-11-04T19:09:51.969+0800] GC(16) Pause Young (Concurrent Start) (CodeCache GC Threshold)
[2025-11-04T19:09:51.969+0800] GC(16) Using 2 workers of 2 for evacuation
[2025-11-04T19:09:52.003+0800] GC(16)   Pre Evacuate Collection Set: 0.2ms
[2025-11-04T19:09:52.003+0800] GC(16)   Merge Heap Roots: 0.2ms
[2025-11-04T19:09:52.003+0800] GC(16)   Evacuate Collection Set: 29.8ms
[2025-11-04T19:09:52.003+0800] GC(16)   Post Evacuate Collection Set: 2.9ms
[2025-11-04T19:09:52.003+0800] GC(16)   Other: 0.2ms
[2025-11-04T19:09:52.003+0800] GC(16) Eden regions: 6->0(71)
[2025-11-04T19:09:52.003+0800] GC(16) Survivor regions: 5->5(10)
[2025-11-04T19:09:52.003+0800] GC(16) Old regions: 9->9
[2025-11-04T19:09:52.003+0800] GC(16) Humongous regions: 0->0
[2025-11-04T19:09:52.003+0800] GC(16) Metaspace: 133138K(134592K)->133138K(134592K) NonClass: 115883K(116672K)->115883K(116672K) Class: 17254K(17920K)->17254K(17920K)
[2025-11-04T19:09:52.003+0800] GC(16) Pause Young (Concurrent Start) (CodeCache GC Threshold) 147M->104M(12288M) 33.698ms
[2025-11-04T19:09:52.003+0800] GC(16) User=0.06s Sys=0.00s Real=0.03s
[2025-11-04T19:09:52.003+0800] GC(17) Concurrent Mark Cycle
[2025-11-04T19:09:52.003+0800] GC(17) Concurrent Scan Root Regions
[2025-11-04T19:09:52.034+0800] GC(17) Concurrent Scan Root Regions 28.904ms
[2025-11-04T19:09:52.034+0800] GC(17) Concurrent Mark
[2025-11-04T19:09:52.034+0800] GC(17) Concurrent Mark From Roots
[2025-11-04T19:09:52.034+0800] GC(17) Using 1 workers of 1 for marking
[2025-11-04T19:09:52.089+0800] GC(17) Concurrent Mark From Roots 56.520ms
[2025-11-04T19:09:52.089+0800] GC(17) Concurrent Preclean
[2025-11-04T19:09:52.089+0800] GC(17) Concurrent Preclean 0.210ms
[2025-11-04T19:09:52.089+0800] GC(17) Pause Remark
[2025-11-04T19:09:52.103+0800] GC(17) Pause Remark 115M->115M(12288M) 12.851ms
[2025-11-04T19:09:52.103+0800] GC(17) User=0.03s Sys=0.00s Real=0.01s
[2025-11-04T19:09:52.103+0800] GC(17) Concurrent Mark 70.284ms
[2025-11-04T19:09:52.103+0800] GC(17) Concurrent Rebuild Remembered Sets and Scrub Regions
[2025-11-04T19:09:52.142+0800] GC(17) Concurrent Rebuild Remembered Sets and Scrub Regions 43.983ms
[2025-11-04T19:09:52.142+0800] GC(17) Pause Cleanup
[2025-11-04T19:09:52.142+0800] GC(17) Pause Cleanup 116M->116M(12288M) 0.237ms
[2025-11-04T19:09:52.142+0800] GC(17) User=0.00s Sys=0.00s Real=0.00s
[2025-11-04T19:09:52.142+0800] GC(17) Concurrent Clear Claimed Marks
[2025-11-04T19:09:52.142+0800] GC(17) Concurrent Clear Claimed Marks 0.139ms
[2025-11-04T19:09:52.142+0800] GC(17) Concurrent Cleanup for Next Mark
[2025-11-04T19:09:52.171+0800] GC(17) Concurrent Cleanup for Next Mark 23.417ms
[2025-11-04T19:09:52.173+0800] GC(17) Concurrent Mark Cycle 167.651ms
[2025-11-04T19:10:11.415+0800] GC(18) Pause Young (Concurrent Start) (CodeCache GC Threshold)
[2025-11-04T19:10:11.415+0800] GC(18) Using 2 workers of 2 for evacuation
[2025-11-04T19:10:11.508+0800] GC(18)   Pre Evacuate Collection Set: 0.4ms
[2025-11-04T19:10:11.508+0800] GC(18)   Merge Heap Roots: 0.3ms
[2025-11-04T19:10:11.508+0800] GC(18)   Evacuate Collection Set: 86.4ms
[2025-11-04T19:10:11.508+0800] GC(18)   Post Evacuate Collection Set: 5.8ms
[2025-11-04T19:10:11.509+0800] GC(18)   Other: 0.2ms
[2025-11-04T19:10:11.509+0800] GC(18) Eden regions: 30->0(70)
[2025-11-04T19:10:11.509+0800] GC(18) Survivor regions: 5->6(10)
[2025-11-04T19:10:11.509+0800] GC(18) Old regions: 9->9
[2025-11-04T19:10:11.509+0800] GC(18) Humongous regions: 0->0
[2025-11-04T19:10:11.509+0800] GC(18) Metaspace: 133821K(135616K)->133821K(135616K) NonClass: 116397K(117312K)->116397K(117312K) Class: 17423K(18304K)->17423K(18304K)
[2025-11-04T19:10:11.509+0800] GC(18) Pause Young (Concurrent Start) (CodeCache GC Threshold) 339M->112M(12288M) 93.904ms
[2025-11-04T19:10:11.509+0800] GC(19) Concurrent Mark Cycle
[2025-11-04T19:10:11.509+0800] GC(18) User=0.19s Sys=0.00s Real=0.09s
[2025-11-04T19:10:11.509+0800] GC(19) Concurrent Scan Root Regions
[2025-11-04T19:10:11.578+0800] GC(19) Concurrent Scan Root Regions 68.664ms
[2025-11-04T19:10:11.578+0800] GC(19) Concurrent Mark
[2025-11-04T19:10:11.578+0800] GC(19) Concurrent Mark From Roots
[2025-11-04T19:10:11.578+0800] GC(19) Using 1 workers of 1 for marking
[2025-11-04T19:10:11.740+0800] GC(19) Concurrent Mark From Roots 162.959ms
[2025-11-04T19:10:11.740+0800] GC(19) Concurrent Preclean
[2025-11-04T19:10:11.740+0800] GC(19) Concurrent Preclean 0.293ms
[2025-11-04T19:10:11.740+0800] GC(19) Pause Remark
[2025-11-04T19:10:11.779+0800] GC(19) Pause Remark 132M->132M(12288M) 36.965ms
[2025-11-04T19:10:11.779+0800] GC(19) User=0.05s Sys=0.02s Real=0.04s
[2025-11-04T19:10:11.779+0800] GC(19) Concurrent Mark 201.369ms
[2025-11-04T19:10:11.779+0800] GC(19) Concurrent Rebuild Remembered Sets and Scrub Regions
[2025-11-04T19:10:11.854+0800] GC(19) Concurrent Rebuild Remembered Sets and Scrub Regions 74.541ms
[2025-11-04T19:10:11.854+0800] GC(19) Pause Cleanup
[2025-11-04T19:10:11.854+0800] GC(19) Pause Cleanup 134M->134M(12288M) 0.422ms
[2025-11-04T19:10:11.855+0800] GC(19) User=0.00s Sys=0.00s Real=0.00s
[2025-11-04T19:10:11.855+0800] GC(19) Concurrent Clear Claimed Marks
[2025-11-04T19:10:11.855+0800] GC(19) Concurrent Clear Claimed Marks 0.267ms
[2025-11-04T19:10:11.855+0800] GC(19) Concurrent Cleanup for Next Mark
[2025-11-04T19:10:11.886+0800] GC(19) Concurrent Cleanup for Next Mark 31.400ms
[2025-11-04T19:10:11.886+0800] GC(19) Concurrent Mark Cycle 377.968ms
[2025-11-04T19:10:41.527+0800] GC(20) Pause Young (Prepare Mixed) (G1 Evacuation Pause)
[2025-11-04T19:10:41.527+0800] GC(20) Using 2 workers of 2 for evacuation
[2025-11-04T19:10:41.676+0800] GC(20)   Pre Evacuate Collection Set: 0.5ms
[2025-11-04T19:10:41.676+0800] GC(20)   Merge Heap Roots: 0.4ms
[2025-11-04T19:10:41.676+0800] GC(20)   Evacuate Collection Set: 137.8ms
[2025-11-04T19:10:41.676+0800] GC(20)   Post Evacuate Collection Set: 9.5ms
[2025-11-04T19:10:41.676+0800] GC(20)   Other: 0.2ms
[2025-11-04T19:10:41.676+0800] GC(20) Eden regions: 70->0(71)
[2025-11-04T19:10:41.676+0800] GC(20) Survivor regions: 6->5(10)
[2025-11-04T19:10:41.676+0800] GC(20) Old regions: 9->11
[2025-11-04T19:10:41.676+0800] GC(20) Humongous regions: 0->0
[2025-11-04T19:10:41.676+0800] GC(20) Metaspace: 134083K(136000K)->134083K(136000K) NonClass: 116596K(117568K)->116596K(117568K) Class: 17487K(18432K)->17487K(18432K)
[2025-11-04T19:10:41.676+0800] GC(20) Pause Young (Prepare Mixed) (G1 Evacuation Pause) 672M->122M(12288M) 148.975ms
[2025-11-04T19:10:41.676+0800] GC(20) User=0.23s Sys=0.06s Real=0.15s
[2025-11-04T19:11:07.089+0800] GC(21) Pause Young (Mixed) (G1 Evacuation Pause)
[2025-11-04T19:11:07.089+0800] GC(21) Using 2 workers of 2 for evacuation
[2025-11-04T19:11:07.189+0800] GC(21)   Pre Evacuate Collection Set: 0.6ms
[2025-11-04T19:11:07.189+0800] GC(21)   Merge Heap Roots: 0.5ms
[2025-11-04T19:11:07.189+0800] GC(21)   Evacuate Collection Set: 89.9ms
[2025-11-04T19:11:07.189+0800] GC(21)   Post Evacuate Collection Set: 8.1ms
[2025-11-04T19:11:07.190+0800] GC(21)   Other: 0.2ms
[2025-11-04T19:11:07.190+0800] GC(21) Eden regions: 71->0(71)
[2025-11-04T19:11:07.190+0800] GC(21) Survivor regions: 5->5(10)
[2025-11-04T19:11:07.190+0800] GC(21) Old regions: 11->10
[2025-11-04T19:11:07.190+0800] GC(21) Humongous regions: 0->0
[2025-11-04T19:11:07.190+0800] GC(21) Metaspace: 134085K(136000K)->134085K(136000K) NonClass: 116597K(117568K)->116597K(117568K) Class: 17487K(18432K)->17487K(18432K)
[2025-11-04T19:11:07.190+0800] GC(21) Pause Young (Mixed) (G1 Evacuation Pause) 690M->119M(12288M) 99.808ms
[2025-11-04T19:11:07.190+0800] GC(21) User=0.17s Sys=0.03s Real=0.10s
[2025-11-04T19:11:30.521+0800] GC(22) Pause Young (Normal) (G1 Evacuation Pause)
[2025-11-04T19:11:30.521+0800] GC(22) Using 2 workers of 2 for evacuation
[2025-11-04T19:11:30.598+0800] GC(22)   Pre Evacuate Collection Set: 0.5ms
[2025-11-04T19:11:30.598+0800] GC(22)   Merge Heap Roots: 0.3ms
[2025-11-04T19:11:30.598+0800] GC(22)   Evacuate Collection Set: 69.2ms
[2025-11-04T19:11:30.598+0800] GC(22)   Post Evacuate Collection Set: 7.1ms
[2025-11-04T19:11:30.598+0800] GC(22)   Other: 0.2ms
[2025-11-04T19:11:30.598+0800] GC(22) Eden regions: 71->0(71)
[2025-11-04T19:11:30.598+0800] GC(22) Survivor regions: 5->5(10)
[2025-11-04T19:11:30.598+0800] GC(22) Old regions: 10->10
[2025-11-04T19:11:30.599+0800] GC(22) Humongous regions: 0->0
[2025-11-04T19:11:30.599+0800] GC(22) Metaspace: 134111K(136000K)->134111K(136000K) NonClass: 116612K(117568K)->116612K(117568K) Class: 17499K(18432K)->17499K(18432K)
[2025-11-04T19:11:30.599+0800] GC(22) Pause Young (Normal) (G1 Evacuation Pause) 687M->115M(12288M) 77.883ms
[2025-11-04T19:11:30.599+0800] GC(22) User=0.12s Sys=0.00s Real=0.08s
[2025-11-04T19:11:54.194+0800] GC(23) Pause Young (Normal) (G1 Evacuation Pause)
[2025-11-04T19:11:54.194+0800] GC(23) Using 2 workers of 2 for evacuation
[2025-11-04T19:11:54.268+0800] GC(23)   Pre Evacuate Collection Set: 0.6ms
[2025-11-04T19:11:54.268+0800] GC(23)   Merge Heap Roots: 0.4ms
[2025-11-04T19:11:54.268+0800] GC(23)   Evacuate Collection Set: 67.2ms
[2025-11-04T19:11:54.268+0800] GC(23)   Post Evacuate Collection Set: 6.3ms
[2025-11-04T19:11:54.268+0800] GC(23)   Other: 0.2ms
[2025-11-04T19:11:54.268+0800] GC(23) Eden regions: 71->0(71)
[2025-11-04T19:11:54.268+0800] GC(23) Survivor regions: 5->5(10)
[2025-11-04T19:11:54.268+0800] GC(23) Old regions: 10->10
[2025-11-04T19:11:54.268+0800] GC(23) Humongous regions: 0->0
[2025-11-04T19:11:54.268+0800] GC(23) Metaspace: 134111K(136000K)->134111K(136000K) NonClass: 116612K(117568K)->116612K(117568K) Class: 17499K(18432K)->17499K(18432K)
[2025-11-04T19:11:54.268+0800] GC(23) Pause Young (Normal) (G1 Evacuation Pause) 683M->118M(12288M) 75.381ms
[2025-11-04T19:11:54.268+0800] GC(23) User=0.14s Sys=0.02s Real=0.07s
[2025-11-04T19:12:19.303+0800] GC(24) Pause Young (Normal) (G1 Evacuation Pause)
[2025-11-04T19:12:19.303+0800] GC(24) Using 2 workers of 2 for evacuation
[2025-11-04T19:12:19.388+0800] GC(24)   Pre Evacuate Collection Set: 0.5ms
[2025-11-04T19:12:19.388+0800] GC(24)   Merge Heap Roots: 0.3ms
[2025-11-04T19:12:19.388+0800] GC(24)   Evacuate Collection Set: 76.0ms
[2025-11-04T19:12:19.388+0800] GC(24)   Post Evacuate Collection Set: 7.3ms
[2025-11-04T19:12:19.388+0800] GC(24)   Other: 0.1ms
[2025-11-04T19:12:19.388+0800] GC(24) Eden regions: 71->0(70)
[2025-11-04T19:12:19.388+0800] GC(24) Survivor regions: 5->6(10)
[2025-11-04T19:12:19.388+0800] GC(24) Old regions: 10->10
[2025-11-04T19:12:19.388+0800] GC(24) Humongous regions: 0->0
[2025-11-04T19:12:19.388+0800] GC(24) Metaspace: 134112K(136000K)->134112K(136000K) NonClass: 116613K(117568K)->116613K(117568K) Class: 17499K(18432K)->17499K(18432K)
[2025-11-04T19:12:19.388+0800] GC(24) Pause Young (Normal) (G1 Evacuation Pause) 686M->123M(12288M) 84.736ms
[2025-11-04T19:12:19.388+0800] GC(24) User=0.16s Sys=0.00s Real=0.09s
[2025-11-04T19:12:41.817+0800] GC(25) Pause Young (Normal) (G1 Evacuation Pause)
[2025-11-04T19:12:41.817+0800] GC(25) Using 2 workers of 2 for evacuation
[2025-11-04T19:12:41.900+0800] GC(25)   Pre Evacuate Collection Set: 0.5ms
[2025-11-04T19:12:41.900+0800] GC(25)   Merge Heap Roots: 0.3ms
[2025-11-04T19:12:41.900+0800] GC(25)   Evacuate Collection Set: 74.8ms
[2025-11-04T19:12:41.900+0800] GC(25)   Post Evacuate Collection Set: 7.5ms
[2025-11-04T19:12:41.900+0800] GC(25)   Other: 0.2ms
[2025-11-04T19:12:41.900+0800] GC(25) Eden regions: 70->0(70)
[2025-11-04T19:12:41.900+0800] GC(25) Survivor regions: 6->6(10)
[2025-11-04T19:12:41.900+0800] GC(25) Old regions: 10->10
[2025-11-04T19:12:41.900+0800] GC(25) Humongous regions: 0->0
[2025-11-04T19:12:41.900+0800] GC(25) Metaspace: 134112K(136000K)->134112K(136000K) NonClass: 116613K(117568K)->116613K(117568K) Class: 17499K(18432K)->17499K(18432K)
[2025-11-04T19:12:41.900+0800] GC(25) Pause Young (Normal) (G1 Evacuation Pause) 683M->123M(12288M) 83.838ms
[2025-11-04T19:12:41.901+0800] GC(25) User=0.16s Sys=0.00s Real=0.08s
[2025-11-04T19:13:06.429+0800] GC(26) Pause Young (Normal) (G1 Evacuation Pause)
[2025-11-04T19:13:06.429+0800] GC(26) Using 2 workers of 2 for evacuation
[2025-11-04T19:13:06.512+0800] GC(26)   Pre Evacuate Collection Set: 0.6ms
[2025-11-04T19:13:06.512+0800] GC(26)   Merge Heap Roots: 0.3ms
[2025-11-04T19:13:06.512+0800] GC(26)   Evacuate Collection Set: 74.8ms
[2025-11-04T19:13:06.512+0800] GC(26)   Post Evacuate Collection Set: 6.8ms
[2025-11-04T19:13:06.512+0800] GC(26)   Other: 0.2ms
[2025-11-04T19:13:06.512+0800] GC(26) Eden regions: 70->0(89)
[2025-11-04T19:13:06.512+0800] GC(26) Survivor regions: 6->5(10)
[2025-11-04T19:13:06.512+0800] GC(26) Old regions: 10->10
[2025-11-04T19:13:06.513+0800] GC(26) Humongous regions: 0->0
[2025-11-04T19:13:06.513+0800] GC(26) Metaspace: 134145K(136064K)->134145K(136064K) NonClass: 116637K(117632K)->116637K(117632K) Class: 17507K(18432K)->17507K(18432K)
[2025-11-04T19:13:06.513+0800] GC(26) Pause Young (Normal) (G1 Evacuation Pause) 683M->119M(12288M) 83.139ms
[2025-11-04T19:13:06.513+0800] GC(26) User=0.14s Sys=0.02s Real=0.08s
[2025-11-04T19:13:38.909+0800] GC(27) Pause Young (Normal) (G1 Evacuation Pause)
[2025-11-04T19:13:38.909+0800] GC(27) Using 2 workers of 2 for evacuation
[2025-11-04T19:13:39.036+0800] GC(27)   Pre Evacuate Collection Set: 0.6ms
[2025-11-04T19:13:39.036+0800] GC(27)   Merge Heap Roots: 0.3ms
[2025-11-04T19:13:39.036+0800] GC(27)   Evacuate Collection Set: 115.9ms
[2025-11-04T19:13:39.036+0800] GC(27)   Post Evacuate Collection Set: 8.3ms
[2025-11-04T19:13:39.036+0800] GC(27)   Other: 0.3ms
[2025-11-04T19:13:39.036+0800] GC(27) Eden regions: 92->0(69)
[2025-11-04T19:13:39.036+0800] GC(27) Survivor regions: 5->7(13)
[2025-11-04T19:13:39.036+0800] GC(27) Old regions: 10->10
[2025-11-04T19:13:39.036+0800] GC(27) Humongous regions: 0->0
[2025-11-04T19:13:39.036+0800] GC(27) Metaspace: 134155K(136064K)->134155K(136064K) NonClass: 116648K(117632K)->116648K(117632K) Class: 17507K(18432K)->17507K(18432K)
[2025-11-04T19:13:39.036+0800] GC(27) Pause Young (Normal) (G1 Evacuation Pause) 855M->135M(12288M) 126.262ms
[2025-11-04T19:13:39.036+0800] GC(27) User=0.22s Sys=0.03s Real=0.13s
[2025-11-04T19:14:02.912+0800] GC(28) Pause Young (Normal) (G1 Evacuation Pause)
[2025-11-04T19:14:02.912+0800] GC(28) Using 2 workers of 2 for evacuation
[2025-11-04T19:14:02.990+0800] GC(28)   Pre Evacuate Collection Set: 0.4ms
[2025-11-04T19:14:02.990+0800] GC(28)   Merge Heap Roots: 0.3ms
[2025-11-04T19:14:02.990+0800] GC(28)   Evacuate Collection Set: 70.3ms
[2025-11-04T19:14:02.990+0800] GC(28)   Post Evacuate Collection Set: 6.6ms
[2025-11-04T19:14:02.990+0800] GC(28)   Other: 0.1ms
[2025-11-04T19:14:02.990+0800] GC(28) Eden regions: 69->0(140)
[2025-11-04T19:14:02.990+0800] GC(28) Survivor regions: 7->3(10)
[2025-11-04T19:14:02.990+0800] GC(28) Old regions: 10->13
[2025-11-04T19:14:02.990+0800] GC(28) Humongous regions: 0->0
[2025-11-04T19:14:02.990+0800] GC(28) Metaspace: 134164K(136064K)->134164K(136064K) NonClass: 116654K(117632K)->116654K(117632K) Class: 17509K(18432K)->17509K(18432K)
[2025-11-04T19:14:02.990+0800] GC(28) Pause Young (Normal) (G1 Evacuation Pause) 687M->120M(12288M) 78.345ms
[2025-11-04T19:14:02.990+0800] GC(28) User=0.12s Sys=0.02s Real=0.08s
[2025-11-04T19:14:59.937+0800] GC(29) Pause Young (Normal) (G1 Evacuation Pause)
[2025-11-04T19:14:59.937+0800] GC(29) Using 2 workers of 2 for evacuation
[2025-11-04T19:15:00.059+0800] GC(29)   Pre Evacuate Collection Set: 0.6ms
[2025-11-04T19:15:00.059+0800] GC(29)   Merge Heap Roots: 0.3ms
[2025-11-04T19:15:00.059+0800] GC(29)   Evacuate Collection Set: 112.2ms
[2025-11-04T19:15:00.059+0800] GC(29)   Post Evacuate Collection Set: 9.6ms
[2025-11-04T19:15:00.059+0800] GC(29)   Other: 0.2ms
[2025-11-04T19:15:00.059+0800] GC(29) Eden regions: 157->0(71)
[2025-11-04T19:15:00.059+0800] GC(29) Survivor regions: 3->8(20)
[2025-11-04T19:15:00.059+0800] GC(29) Old regions: 13->13
[2025-11-04T19:15:00.059+0800] GC(29) Humongous regions: 0->0
[2025-11-04T19:15:00.059+0800] GC(29) Metaspace: 134178K(136064K)->134178K(136064K) NonClass: 116665K(117632K)->116665K(117632K) Class: 17512K(18432K)->17512K(18432K)
[2025-11-04T19:15:00.059+0800] GC(29) Pause Young (Normal) (G1 Evacuation Pause) 1376M->160M(12288M) 123.549ms
[2025-11-04T19:15:00.059+0800] GC(29) User=0.23s Sys=0.02s Real=0.12s
[2025-11-04T19:15:26.132+0800] GC(30) Pause Young (Normal) (G1 Evacuation Pause)
[2025-11-04T19:15:26.132+0800] GC(30) Using 2 workers of 2 for evacuation
[2025-11-04T19:15:26.194+0800] GC(30)   Pre Evacuate Collection Set: 0.8ms
[2025-11-04T19:15:26.196+0800] GC(30)   Merge Heap Roots: 0.2ms
[2025-11-04T19:15:26.196+0800] GC(30)   Evacuate Collection Set: 56.6ms
[2025-11-04T19:15:26.196+0800] GC(30)   Post Evacuate Collection Set: 5.5ms
[2025-11-04T19:15:26.196+0800] GC(30)   Other: 0.2ms
[2025-11-04T19:15:26.196+0800] GC(30) Eden regions: 78->0(141)
[2025-11-04T19:15:26.196+0800] GC(30) Survivor regions: 8->4(11)
[2025-11-04T19:15:26.196+0800] GC(30) Old regions: 13->13
[2025-11-04T19:15:26.196+0800] GC(30) Humongous regions: 0->0
[2025-11-04T19:15:26.196+0800] GC(30) Metaspace: 134178K(136064K)->134178K(136064K) NonClass: 116665K(117632K)->116665K(117632K) Class: 17512K(18432K)->17512K(18432K)
[2025-11-04T19:15:26.196+0800] GC(30) Pause Young (Normal) (G1 Evacuation Pause) 784M->127M(12288M) 64.108ms
[2025-11-04T19:15:26.197+0800] GC(30) User=0.09s Sys=0.03s Real=0.07s
[2025-11-04T19:16:16.061+0800] GC(31) Pause Young (Normal) (G1 Evacuation Pause)
[2025-11-04T19:16:16.061+0800] GC(31) Using 2 workers of 2 for evacuation
[2025-11-04T19:16:16.111+0800] GC(31)   Pre Evacuate Collection Set: 0.3ms
[2025-11-04T19:16:16.111+0800] GC(31)   Merge Heap Roots: 0.2ms
[2025-11-04T19:16:16.111+0800] GC(31)   Evacuate Collection Set: 30.1ms
[2025-11-04T19:16:16.111+0800] GC(31)   Post Evacuate Collection Set: 5.3ms
[2025-11-04T19:16:16.111+0800] GC(31)   Other: 0.1ms
[2025-11-04T19:16:16.111+0800] GC(31) Eden regions: 148->0(160)
[2025-11-04T19:16:16.111+0800] GC(31) Survivor regions: 4->6(19)
[2025-11-04T19:16:16.111+0800] GC(31) Old regions: 13->13
[2025-11-04T19:16:16.111+0800] GC(31) Humongous regions: 0->0
[2025-11-04T19:16:16.111+0800] GC(31) Metaspace: 134178K(136064K)->134178K(136064K) NonClass: 116666K(117632K)->116666K(117632K) Class: 17512K(18432K)->17512K(18432K)
[2025-11-04T19:16:16.111+0800] GC(31) Pause Young (Normal) (G1 Evacuation Pause) 1311M->142M(12288M) 36.246ms
[2025-11-04T19:16:16.111+0800] GC(31) User=0.08s Sys=0.02s Real=0.05s
[2025-11-04T19:17:16.347+0800] GC(32) Pause Young (Normal) (G1 Evacuation Pause)
[2025-11-04T19:17:16.347+0800] GC(32) Using 2 workers of 2 for evacuation
[2025-11-04T19:17:16.424+0800] GC(32)   Pre Evacuate Collection Set: 0.8ms
[2025-11-04T19:17:16.424+0800] GC(32)   Merge Heap Roots: 0.3ms
[2025-11-04T19:17:16.424+0800] GC(32)   Evacuate Collection Set: 67.1ms
[2025-11-04T19:17:16.424+0800] GC(32)   Post Evacuate Collection Set: 7.7ms
[2025-11-04T19:17:16.424+0800] GC(32)   Other: 0.2ms
[2025-11-04T19:17:16.424+0800] GC(32) Eden regions: 168->0(221)
[2025-11-04T19:17:16.424+0800] GC(32) Survivor regions: 6->7(22)
[2025-11-04T19:17:16.424+0800] GC(32) Old regions: 13->13
[2025-11-04T19:17:16.424+0800] GC(32) Humongous regions: 0->0
[2025-11-04T19:17:16.424+0800] GC(32) Metaspace: 134178K(136064K)->134178K(136064K) NonClass: 116666K(117632K)->116666K(117632K) Class: 17512K(18432K)->17512K(18432K)
[2025-11-04T19:17:16.424+0800] GC(32) Pause Young (Normal) (G1 Evacuation Pause) 1486M->155M(12288M) 76.668ms
[2025-11-04T19:17:16.424+0800] GC(32) User=0.14s Sys=0.02s Real=0.08s
[2025-11-04T19:18:46.611+0800] GC(33) Pause Young (Normal) (G1 Evacuation Pause)
[2025-11-04T19:18:46.611+0800] GC(33) Using 2 workers of 2 for evacuation
[2025-11-04T19:18:46.709+0800] GC(33)   Pre Evacuate Collection Set: 1.1ms
[2025-11-04T19:18:46.709+0800] GC(33)   Merge Heap Roots: 0.2ms
[2025-11-04T19:18:46.711+0800] GC(33)   Evacuate Collection Set: 87.4ms
[2025-11-04T19:18:46.711+0800] GC(33)   Post Evacuate Collection Set: 9.2ms
[2025-11-04T19:18:46.711+0800] GC(33)   Other: 0.2ms
[2025-11-04T19:18:46.711+0800] GC(33) Eden regions: 244->0(183)
[2025-11-04T19:18:46.711+0800] GC(33) Survivor regions: 7->8(32)
[2025-11-04T19:18:46.711+0800] GC(33) Old regions: 13->13
[2025-11-04T19:18:46.711+0800] GC(33) Humongous regions: 0->0
[2025-11-04T19:18:46.711+0800] GC(33) Metaspace: 134207K(136128K)->134207K(136128K) NonClass: 116688K(117696K)->116688K(117696K) Class: 17518K(18432K)->17518K(18432K)
[2025-11-04T19:18:46.711+0800] GC(33) Pause Young (Normal) (G1 Evacuation Pause) 2107M->163M(12288M) 98.669ms
[2025-11-04T19:18:46.711+0800] GC(33) User=0.14s Sys=0.05s Real=0.10s
[2025-11-04T19:25:26.741+0800] GC(34) Pause Young (Concurrent Start) (CodeCache GC Threshold)
[2025-11-04T19:25:26.741+0800] GC(34) Using 2 workers of 2 for evacuation
[2025-11-04T19:25:26.760+0800] GC(34)   Pre Evacuate Collection Set: 0.4ms
[2025-11-04T19:25:26.760+0800] GC(34)   Merge Heap Roots: 0.2ms
[2025-11-04T19:25:26.760+0800] GC(34)   Evacuate Collection Set: 16.3ms
[2025-11-04T19:25:26.760+0800] GC(34)   Post Evacuate Collection Set: 3.2ms
[2025-11-04T19:25:26.760+0800] GC(34)   Other: 0.1ms
[2025-11-04T19:25:26.760+0800] GC(34) Eden regions: 95->0(249)
[2025-11-04T19:25:26.760+0800] GC(34) Survivor regions: 8->4(25)
[2025-11-04T19:25:26.760+0800] GC(34) Old regions: 13->13
[2025-11-04T19:25:26.760+0800] GC(34) Humongous regions: 0->0
[2025-11-04T19:25:26.760+0800] GC(34) Metaspace: 134208K(136128K)->134208K(136128K) NonClass: 116689K(117696K)->116689K(117696K) Class: 17518K(18432K)->17518K(18432K)
[2025-11-04T19:25:26.760+0800] GC(34) Pause Young (Concurrent Start) (CodeCache GC Threshold) 922M->131M(12288M) 20.484ms
[2025-11-04T19:25:26.760+0800] GC(34) User=0.00s Sys=0.02s Real=0.02s
[2025-11-04T19:25:26.760+0800] GC(35) Concurrent Mark Cycle
[2025-11-04T19:25:26.760+0800] GC(35) Concurrent Scan Root Regions
[2025-11-04T19:25:26.774+0800] GC(35) Concurrent Scan Root Regions 17.889ms
[2025-11-04T19:25:26.774+0800] GC(35) Concurrent Mark
[2025-11-04T19:25:26.774+0800] GC(35) Concurrent Mark From Roots
[2025-11-04T19:25:26.774+0800] GC(35) Using 1 workers of 1 for marking
[2025-11-04T19:25:26.899+0800] GC(35) Concurrent Mark From Roots 126.353ms
[2025-11-04T19:25:26.899+0800] GC(35) Concurrent Preclean
[2025-11-04T19:25:26.907+0800] GC(35) Concurrent Preclean 0.397ms
[2025-11-04T19:25:26.907+0800] GC(35) Pause Remark
[2025-11-04T19:25:26.964+0800] GC(35) Pause Remark 133M->133M(12288M) 67.069ms
[2025-11-04T19:25:26.964+0800] GC(35) User=0.05s Sys=0.02s Real=0.06s
[2025-11-04T19:25:26.976+0800] GC(35) Concurrent Mark 196.817ms
[2025-11-04T19:25:26.976+0800] GC(35) Concurrent Rebuild Remembered Sets and Scrub Regions
[2025-11-04T19:25:27.028+0800] GC(35) Concurrent Rebuild Remembered Sets and Scrub Regions 62.538ms
[2025-11-04T19:25:27.028+0800] GC(35) Pause Cleanup
[2025-11-04T19:25:27.028+0800] GC(35) Pause Cleanup 134M->134M(12288M) 0.180ms
[2025-11-04T19:25:27.028+0800] GC(35) User=0.00s Sys=0.00s Real=0.00s
[2025-11-04T19:25:27.028+0800] GC(35) Concurrent Clear Claimed Marks
[2025-11-04T19:25:27.028+0800] GC(35) Concurrent Clear Claimed Marks 0.119ms
[2025-11-04T19:25:27.028+0800] GC(35) Concurrent Cleanup for Next Mark
[2025-11-04T19:25:27.059+0800] GC(35) Concurrent Cleanup for Next Mark 24.466ms
[2025-11-04T19:25:27.059+0800] GC(35) Concurrent Mark Cycle 302.665ms
[2025-11-04T19:28:21.672+0800] GC(36) Pause Young (Prepare Mixed) (G1 Evacuation Pause)
[2025-11-04T19:28:21.673+0800] GC(36) Using 2 workers of 2 for evacuation
[2025-11-04T19:28:21.768+0800] GC(36)   Pre Evacuate Collection Set: 0.7ms
[2025-11-04T19:28:21.768+0800] GC(36)   Merge Heap Roots: 0.3ms
[2025-11-04T19:28:21.768+0800] GC(36)   Evacuate Collection Set: 82.9ms
[2025-11-04T19:28:21.768+0800] GC(36)   Post Evacuate Collection Set: 9.9ms
[2025-11-04T19:28:21.768+0800] GC(36)   Other: 0.2ms
[2025-11-04T19:28:21.768+0800] GC(36) Eden regions: 228->0(226)
[2025-11-04T19:28:21.768+0800] GC(36) Survivor regions: 4->9(29)
[2025-11-04T19:28:21.768+0800] GC(36) Old regions: 13->13
[2025-11-04T19:28:21.768+0800] GC(36) Humongous regions: 0->0
[2025-11-04T19:28:21.768+0800] GC(36) Metaspace: 134135K(136128K)->134135K(136128K) NonClass: 116632K(117696K)->116632K(117696K) Class: 17503K(18432K)->17503K(18432K)
[2025-11-04T19:28:21.768+0800] GC(36) Pause Young (Prepare Mixed) (G1 Evacuation Pause) 1955M->167M(12288M) 94.648ms
[2025-11-04T19:28:21.768+0800] GC(36) User=0.19s Sys=0.00s Real=0.10s
[2025-11-04T19:29:35.928+0800] GC(37) Pause Young (Mixed) (G1 Evacuation Pause)
[2025-11-04T19:29:35.929+0800] GC(37) Using 2 workers of 2 for evacuation
[2025-11-04T19:29:36.060+0800] GC(37)   Pre Evacuate Collection Set: 0.6ms
[2025-11-04T19:29:36.060+0800] GC(37)   Merge Heap Roots: 0.7ms
[2025-11-04T19:29:36.060+0800] GC(37)   Evacuate Collection Set: 119.7ms
[2025-11-04T19:29:36.060+0800] GC(37)   Post Evacuate Collection Set: 12.0ms
[2025-11-04T19:29:36.062+0800] GC(37)   Other: 0.3ms
[2025-11-04T19:29:36.062+0800] GC(37) Eden regions: 230->0(271)
[2025-11-04T19:29:36.062+0800] GC(37) Survivor regions: 9->9(30)
[2025-11-04T19:29:36.062+0800] GC(37) Old regions: 13->12
[2025-11-04T19:29:36.062+0800] GC(37) Humongous regions: 0->0
[2025-11-04T19:29:36.062+0800] GC(37) Metaspace: 134135K(136128K)->134135K(136128K) NonClass: 116632K(117696K)->116632K(117696K) Class: 17503K(18432K)->17503K(18432K)
[2025-11-04T19:29:36.062+0800] GC(37) Pause Young (Mixed) (G1 Evacuation Pause) 2007M->163M(12288M) 133.924ms
[2025-11-04T19:29:36.062+0800] GC(37) User=0.25s Sys=0.00s Real=0.13s
[2025-11-04T19:31:10.312+0800] GC(38) Pause Young (Normal) (G1 Evacuation Pause)
[2025-11-04T19:31:10.312+0800] GC(38) Using 2 workers of 2 for evacuation
[2025-11-04T19:31:10.458+0800] GC(38)   Pre Evacuate Collection Set: 1.0ms
[2025-11-04T19:31:10.458+0800] GC(38)   Merge Heap Roots: 0.3ms
[2025-11-04T19:31:10.458+0800] GC(38)   Evacuate Collection Set: 134.3ms
[2025-11-04T19:31:10.458+0800] GC(38)   Post Evacuate Collection Set: 12.7ms
[2025-11-04T19:31:10.458+0800] GC(38)   Other: 0.2ms
[2025-11-04T19:31:10.458+0800] GC(38) Eden regions: 283->0(232)
[2025-11-04T19:31:10.458+0800] GC(38) Survivor regions: 9->11(37)
[2025-11-04T19:31:10.458+0800] GC(38) Old regions: 12->12
[2025-11-04T19:31:10.458+0800] GC(38) Humongous regions: 0->0
[2025-11-04T19:31:10.458+0800] GC(38) Metaspace: 134142K(136128K)->134142K(136128K) NonClass: 116638K(117696K)->116638K(117696K) Class: 17504K(18432K)->17504K(18432K)
[2025-11-04T19:31:10.458+0800] GC(38) Pause Young (Normal) (G1 Evacuation Pause) 2427M->183M(12288M) 149.133ms
[2025-11-04T19:31:10.458+0800] GC(38) User=0.28s Sys=0.03s Real=0.15s
[2025-11-04T19:32:26.934+0800] GC(39) Pause Young (Normal) (G1 Evacuation Pause)
[2025-11-04T19:32:26.934+0800] GC(39) Using 2 workers of 2 for evacuation
[2025-11-04T19:32:27.045+0800] GC(39)   Pre Evacuate Collection Set: 1.0ms
[2025-11-04T19:32:27.045+0800] GC(39)   Merge Heap Roots: 0.3ms
[2025-11-04T19:32:27.045+0800] GC(39)   Evacuate Collection Set: 99.1ms
[2025-11-04T19:32:27.045+0800] GC(39)   Post Evacuate Collection Set: 10.7ms
[2025-11-04T19:32:27.045+0800] GC(39)   Other: 0.2ms
[2025-11-04T19:32:27.045+0800] GC(39) Eden regions: 236->0(230)
[2025-11-04T19:32:27.045+0800] GC(39) Survivor regions: 11->10(31)
[2025-11-04T19:32:27.045+0800] GC(39) Old regions: 12->12
[2025-11-04T19:32:27.045+0800] GC(39) Humongous regions: 0->0
[2025-11-04T19:32:27.045+0800] GC(39) Metaspace: 134208K(136128K)->134208K(136128K) NonClass: 116697K(117696K)->116697K(117696K) Class: 17511K(18432K)->17511K(18432K)
[2025-11-04T19:32:27.045+0800] GC(39) Pause Young (Normal) (G1 Evacuation Pause) 2071M->171M(12288M) 111.932ms
[2025-11-04T19:32:27.045+0800] GC(39) User=0.17s Sys=0.03s Real=0.11s
[2025-11-04T19:33:34.880+0800] GC(40) Pause Young (Normal) (G1 Evacuation Pause)
[2025-11-04T19:33:34.880+0800] GC(40) Using 2 workers of 2 for evacuation
[2025-11-04T19:33:34.982+0800] GC(40)   Pre Evacuate Collection Set: 0.5ms
[2025-11-04T19:33:34.982+0800] GC(40)   Merge Heap Roots: 0.2ms
[2025-11-04T19:33:34.982+0800] GC(40)   Evacuate Collection Set: 89.4ms
[2025-11-04T19:33:34.982+0800] GC(40)   Post Evacuate Collection Set: 11.2ms
[2025-11-04T19:33:34.982+0800] GC(40)   Other: 0.2ms
[2025-11-04T19:33:34.982+0800] GC(40) Eden regions: 234->0(264)
[2025-11-04T19:33:34.982+0800] GC(40) Survivor regions: 10->9(31)
[2025-11-04T19:33:34.982+0800] GC(40) Old regions: 12->12
[2025-11-04T19:33:34.982+0800] GC(40) Humongous regions: 0->0
[2025-11-04T19:33:34.982+0800] GC(40) Metaspace: 134208K(136128K)->134208K(136128K) NonClass: 116697K(117696K)->116697K(117696K) Class: 17511K(18432K)->17511K(18432K)
[2025-11-04T19:33:34.982+0800] GC(40) Pause Young (Normal) (G1 Evacuation Pause) 2043M->167M(12288M) 101.978ms
[2025-11-04T19:33:34.982+0800] GC(40) User=0.19s Sys=0.02s Real=0.10s
[2025-11-04T19:34:55.234+0800] GC(41) Pause Young (Normal) (G1 Evacuation Pause)
[2025-11-04T19:34:55.234+0800] GC(41) Using 2 workers of 2 for evacuation
[2025-11-04T19:34:55.392+0800] GC(41) MMU target violated: 151.0ms (150.0ms/151.0ms)
[2025-11-04T19:34:55.392+0800] GC(41)   Pre Evacuate Collection Set: 0.6ms
[2025-11-04T19:34:55.392+0800] GC(41)   Merge Heap Roots: 0.3ms
[2025-11-04T19:34:55.392+0800] GC(41)   Evacuate Collection Set: 141.3ms
[2025-11-04T19:34:55.392+0800] GC(41)   Post Evacuate Collection Set: 15.4ms
[2025-11-04T19:34:55.392+0800] GC(41)   Other: 0.3ms
[2025-11-04T19:34:55.392+0800] GC(41) Eden regions: 267->0(212)
[2025-11-04T19:34:55.392+0800] GC(41) Survivor regions: 9->12(35)
[2025-11-04T19:34:55.392+0800] GC(41) Old regions: 12->12
[2025-11-04T19:34:55.392+0800] GC(41) Humongous regions: 0->0
[2025-11-04T19:34:55.392+0800] GC(41) Metaspace: 134208K(136128K)->134208K(136128K) NonClass: 116697K(117696K)->116697K(117696K) Class: 17511K(18432K)->17511K(18432K)
[2025-11-04T19:34:55.392+0800] GC(41) Pause Young (Normal) (G1 Evacuation Pause) 2303M->191M(12288M) 158.302ms
[2025-11-04T19:34:55.392+0800] GC(41) User=0.30s Sys=0.00s Real=0.16s
[2025-11-04T19:35:47.129+0800] GC(42) Pause Young (Normal) (G1 Evacuation Pause)
[2025-11-04T19:35:47.129+0800] GC(42) Using 2 workers of 2 for evacuation
[2025-11-04T19:35:47.225+0800] GC(42)   Pre Evacuate Collection Set: 0.8ms
[2025-11-04T19:35:47.225+0800] GC(42)   Merge Heap Roots: 0.3ms
[2025-11-04T19:35:47.225+0800] GC(42)   Evacuate Collection Set: 85.7ms
[2025-11-04T19:35:47.225+0800] GC(42)   Post Evacuate Collection Set: 8.5ms
[2025-11-04T19:35:47.225+0800] GC(42)   Other: 0.2ms
[2025-11-04T19:35:47.225+0800] GC(42) Eden regions: 214->0(248)
[2025-11-04T19:35:47.225+0800] GC(42) Survivor regions: 12->8(29)
[2025-11-04T19:35:47.225+0800] GC(42) Old regions: 12->12
[2025-11-04T19:35:47.225+0800] GC(42) Humongous regions: 0->0
[2025-11-04T19:35:47.225+0800] GC(42) Metaspace: 134208K(136128K)->134208K(136128K) NonClass: 116697K(117696K)->116697K(117696K) Class: 17511K(18432K)->17511K(18432K)
[2025-11-04T19:35:47.225+0800] GC(42) Pause Young (Normal) (G1 Evacuation Pause) 1903M->159M(12288M) 96.138ms
[2025-11-04T19:35:47.225+0800] GC(42) User=0.16s Sys=0.00s Real=0.10s
[2025-11-04T19:36:56.754+0800] GC(43) Pause Young (Normal) (G1 Evacuation Pause)
[2025-11-04T19:36:56.754+0800] GC(43) Using 2 workers of 2 for evacuation
[2025-11-04T19:36:56.919+0800] GC(43) MMU target violated: 151.0ms (150.0ms/151.0ms)
[2025-11-04T19:36:56.919+0800] GC(43)   Pre Evacuate Collection Set: 0.7ms
[2025-11-04T19:36:56.919+0800] GC(43)   Merge Heap Roots: 0.3ms
[2025-11-04T19:36:56.919+0800] GC(43)   Evacuate Collection Set: 150.6ms
[2025-11-04T19:36:56.919+0800] GC(43)   Post Evacuate Collection Set: 12.8ms
[2025-11-04T19:36:56.919+0800] GC(43)   Other: 0.4ms
[2025-11-04T19:36:56.919+0800] GC(43) Eden regions: 252->0(194)
[2025-11-04T19:36:56.919+0800] GC(43) Survivor regions: 8->14(33)
[2025-11-04T19:36:56.919+0800] GC(43) Old regions: 12->12
[2025-11-04T19:36:56.919+0800] GC(43) Humongous regions: 0->0
[2025-11-04T19:36:56.919+0800] GC(43) Metaspace: 134208K(136128K)->134208K(136128K) NonClass: 116697K(117696K)->116697K(117696K) Class: 17511K(18432K)->17511K(18432K)
[2025-11-04T19:36:56.919+0800] GC(43) Pause Young (Normal) (G1 Evacuation Pause) 2175M->203M(12288M) 165.311ms
[2025-11-04T19:36:56.919+0800] GC(43) User=0.31s Sys=0.02s Real=0.16s
[2025-11-04T19:37:40.256+0800] GC(44) Pause Young (Normal) (G1 Evacuation Pause)
[2025-11-04T19:37:40.256+0800] GC(44) Using 2 workers of 2 for evacuation
[2025-11-04T19:37:40.372+0800] GC(44)   Pre Evacuate Collection Set: 0.6ms
[2025-11-04T19:37:40.372+0800] GC(44)   Merge Heap Roots: 0.2ms
[2025-11-04T19:37:40.372+0800] GC(44)   Evacuate Collection Set: 104.6ms
[2025-11-04T19:37:40.372+0800] GC(44)   Post Evacuate Collection Set: 10.6ms
[2025-11-04T19:37:40.372+0800] GC(44)   Other: 0.2ms
[2025-11-04T19:37:40.372+0800] GC(44) Eden regions: 195->0(203)
[2025-11-04T19:37:40.372+0800] GC(44) Survivor regions: 14->10(27)
[2025-11-04T19:37:40.372+0800] GC(44) Old regions: 12->12
[2025-11-04T19:37:40.372+0800] GC(44) Humongous regions: 0->0
[2025-11-04T19:37:40.372+0800] GC(44) Metaspace: 134208K(136128K)->134208K(136128K) NonClass: 116697K(117696K)->116697K(117696K) Class: 17511K(18432K)->17511K(18432K)
[2025-11-04T19:37:40.372+0800] GC(44) Pause Young (Normal) (G1 Evacuation Pause) 1763M->171M(12288M) 116.730ms
[2025-11-04T19:37:40.372+0800] GC(44) User=0.20s Sys=0.00s Real=0.12s
[2025-11-04T19:38:33.821+0800] GC(45) Pause Young (Normal) (G1 Evacuation Pause)
[2025-11-04T19:38:33.821+0800] GC(45) Using 2 workers of 2 for evacuation
[2025-11-04T19:38:33.947+0800] GC(45)   Pre Evacuate Collection Set: 1.4ms
[2025-11-04T19:38:33.947+0800] GC(45)   Merge Heap Roots: 0.2ms
[2025-11-04T19:38:33.947+0800] GC(45)   Evacuate Collection Set: 114.2ms
[2025-11-04T19:38:33.947+0800] GC(45)   Post Evacuate Collection Set: 10.6ms
[2025-11-04T19:38:33.947+0800] GC(45)   Other: 0.2ms
[2025-11-04T19:38:33.947+0800] GC(45) Eden regions: 204->0(199)
[2025-11-04T19:38:33.947+0800] GC(45) Survivor regions: 10->11(27)
[2025-11-04T19:38:33.947+0800] GC(45) Old regions: 12->12
[2025-11-04T19:38:33.947+0800] GC(45) Humongous regions: 0->0
[2025-11-04T19:38:33.947+0800] GC(45) Metaspace: 134210K(136128K)->134210K(136128K) NonClass: 116699K(117696K)->116699K(117696K) Class: 17511K(18432K)->17511K(18432K)
[2025-11-04T19:38:33.947+0800] GC(45) Pause Young (Normal) (G1 Evacuation Pause) 1803M->179M(12288M) 127.208ms
[2025-11-04T19:38:33.949+0800] GC(45) User=0.22s Sys=0.00s Real=0.13s
[2025-11-04T19:39:31.984+0800] GC(46) Pause Young (Normal) (G1 Evacuation Pause)
[2025-11-04T19:39:31.984+0800] GC(46) Using 2 workers of 2 for evacuation
[2025-11-04T19:39:32.126+0800] GC(46)   Pre Evacuate Collection Set: 0.6ms
[2025-11-04T19:39:32.126+0800] GC(46)   Merge Heap Roots: 0.2ms
[2025-11-04T19:39:32.126+0800] GC(46)   Evacuate Collection Set: 130.4ms
[2025-11-04T19:39:32.126+0800] GC(46)   Post Evacuate Collection Set: 10.4ms
[2025-11-04T19:39:32.126+0800] GC(46)   Other: 0.2ms
[2025-11-04T19:39:32.126+0800] GC(46) Eden regions: 200->0(186)
[2025-11-04T19:39:32.126+0800] GC(46) Survivor regions: 11->12(27)
[2025-11-04T19:39:32.126+0800] GC(46) Old regions: 12->12
[2025-11-04T19:39:32.126+0800] GC(46) Humongous regions: 0->0
[2025-11-04T19:39:32.126+0800] GC(46) Metaspace: 134210K(136128K)->134210K(136128K) NonClass: 116699K(117696K)->116699K(117696K) Class: 17511K(18432K)->17511K(18432K)
[2025-11-04T19:39:32.126+0800] GC(46) Pause Young (Normal) (G1 Evacuation Pause) 1779M->187M(12288M) 142.326ms
[2025-11-04T19:39:32.126+0800] GC(46) User=0.28s Sys=0.00s Real=0.14s
[2025-11-04T19:40:14.533+0800] GC(47) Pause Young (Normal) (G1 Evacuation Pause)
[2025-11-04T19:40:14.533+0800] GC(47) Using 2 workers of 2 for evacuation
[2025-11-04T19:40:14.588+0800] GC(47)   Pre Evacuate Collection Set: 0.5ms
[2025-11-04T19:40:14.588+0800] GC(47)   Merge Heap Roots: 0.2ms
[2025-11-04T19:40:14.588+0800] GC(47)   Evacuate Collection Set: 45.0ms
[2025-11-04T19:40:14.588+0800] GC(47)   Post Evacuate Collection Set: 7.9ms
[2025-11-04T19:40:14.588+0800] GC(47)   Other: 0.2ms
[2025-11-04T19:40:14.588+0800] GC(47) Eden regions: 186->0(234)
[2025-11-04T19:40:14.588+0800] GC(47) Survivor regions: 12->6(25)
[2025-11-04T19:40:14.588+0800] GC(47) Old regions: 12->12
[2025-11-04T19:40:14.588+0800] GC(47) Humongous regions: 0->0
[2025-11-04T19:40:14.588+0800] GC(47) Metaspace: 134210K(136128K)->134210K(136128K) NonClass: 116699K(117696K)->116699K(117696K) Class: 17511K(18432K)->17511K(18432K)
[2025-11-04T19:40:14.588+0800] GC(47) Pause Young (Normal) (G1 Evacuation Pause) 1675M->139M(12288M) 54.242ms
[2025-11-04T19:40:14.588+0800] GC(47) User=0.11s Sys=0.00s Real=0.06s
[2025-11-04T19:41:31.911+0800] GC(48) Pause Young (Normal) (G1 Evacuation Pause)
[2025-11-04T19:41:31.913+0800] GC(48) Using 2 workers of 2 for evacuation
[2025-11-04T19:41:31.992+0800] GC(48)   Pre Evacuate Collection Set: 0.5ms
[2025-11-04T19:41:31.992+0800] GC(48)   Merge Heap Roots: 0.2ms
[2025-11-04T19:41:31.992+0800] GC(48)   Evacuate Collection Set: 68.5ms
[2025-11-04T19:41:31.992+0800] GC(48)   Post Evacuate Collection Set: 10.3ms
[2025-11-04T19:41:31.992+0800] GC(48)   Other: 0.2ms
[2025-11-04T19:41:31.992+0800] GC(48) Eden regions: 234->0(239)
[2025-11-04T19:41:31.992+0800] GC(48) Survivor regions: 6->9(30)
[2025-11-04T19:41:31.992+0800] GC(48) Old regions: 12->12
[2025-11-04T19:41:31.992+0800] GC(48) Humongous regions: 0->0
[2025-11-04T19:41:31.992+0800] GC(48) Metaspace: 134210K(136128K)->134210K(136128K) NonClass: 116699K(117696K)->116699K(117696K) Class: 17511K(18432K)->17511K(18432K)
[2025-11-04T19:41:31.992+0800] GC(48) Pause Young (Normal) (G1 Evacuation Pause) 2011M->167M(12288M) 80.036ms
[2025-11-04T19:41:31.992+0800] GC(48) User=0.14s Sys=0.02s Real=0.08s
[2025-11-04T20:01:18.188+0800] GC(49) Pause Young (Normal) (G1 Evacuation Pause)
[2025-11-04T20:01:18.188+0800] GC(49) Using 2 workers of 2 for evacuation
[2025-11-04T20:01:18.423+0800] GC(49) MMU target violated: 151.0ms (150.0ms/151.0ms)
[2025-11-04T20:01:18.423+0800] GC(49)   Pre Evacuate Collection Set: 1.5ms
[2025-11-04T20:01:18.423+0800] GC(49)   Merge Heap Roots: 0.1ms
[2025-11-04T20:01:18.423+0800] GC(49)   Evacuate Collection Set: 211.5ms
[2025-11-04T20:01:18.423+0800] GC(49)   Post Evacuate Collection Set: 15.6ms
[2025-11-04T20:01:18.423+0800] GC(49)   Other: 0.4ms
[2025-11-04T20:01:18.423+0800] GC(49) Eden regions: 239->0(97)
[2025-11-04T20:01:18.423+0800] GC(49) Survivor regions: 9->8(31)
[2025-11-04T20:01:18.423+0800] GC(49) Old regions: 12->12
[2025-11-04T20:01:18.423+0800] GC(49) Humongous regions: 0->0
[2025-11-04T20:01:18.423+0800] GC(49) Metaspace: 134210K(136128K)->134210K(136128K) NonClass: 116699K(117696K)->116699K(117696K) Class: 17511K(18432K)->17511K(18432K)
[2025-11-04T20:01:18.423+0800] GC(49) Pause Young (Normal) (G1 Evacuation Pause) 2079M->155M(12288M) 229.863ms
[2025-11-04T20:01:18.423+0800] GC(49) User=0.17s Sys=0.25s Real=0.24s
